

================================================================
== Vitis HLS Report for 'exp_17_9_s'
================================================================
* Date:           Fri Sep 13 08:58:35 2024

* Version:        2023.1 (Build 3854077 on May  4 2023)
* Project:        hlsc_fcnn_unsw
* Solution:       solution1 (Vivado IP Flow Target)
* Product family: artix7
* Target device:  xc7a35t-cpg236-1


================================================================
== Performance Estimates
================================================================
+ Timing: 
    * Summary: 
    +--------+----------+----------+------------+
    |  Clock |  Target  | Estimated| Uncertainty|
    +--------+----------+----------+------------+
    |ap_clk  |  10.00 ns|  6.770 ns|     2.70 ns|
    +--------+----------+----------+------------+

+ Latency: 
    * Summary: 
    +---------+---------+-----------+-----------+-----+-----+---------+
    |  Latency (cycles) |   Latency (absolute)  |  Interval | Pipeline|
    |   min   |   max   |    min    |    max    | min | max |   Type  |
    +---------+---------+-----------+-----------+-----+-----+---------+
    |        5|        5|  50.000 ns|  50.000 ns|    1|    1|      yes|
    +---------+---------+-----------+-----------+-----+-----+---------+

    + Detail: 
        * Instance: 
        N/A

        * Loop: 
        N/A



================================================================
== Utilization Estimates
================================================================
* Summary: 
+-----------------+---------+----+-------+-------+-----+
|       Name      | BRAM_18K| DSP|   FF  |  LUT  | URAM|
+-----------------+---------+----+-------+-------+-----+
|DSP              |        -|   -|      -|      -|    -|
|Expression       |        -|   -|      0|    200|    -|
|FIFO             |        -|   -|      -|      -|    -|
|Instance         |        -|   3|      0|     96|    -|
|Memory           |        0|   -|     61|     32|    -|
|Multiplexer      |        -|   -|      -|      -|    -|
|Register         |        -|   -|    401|     96|    -|
+-----------------+---------+----+-------+-------+-----+
|Total            |        0|   3|    462|    424|    0|
+-----------------+---------+----+-------+-------+-----+
|Available        |      100|  90|  41600|  20800|    0|
+-----------------+---------+----+-------+-------+-----+
|Utilization (%)  |        0|   3|      1|      2|    0|
+-----------------+---------+----+-------+-------+-----+

+ Detail: 
    * Instance: 
    +---------------------------+----------------------+---------+----+---+----+-----+
    |          Instance         |        Module        | BRAM_18K| DSP| FF| LUT| URAM|
    +---------------------------+----------------------+---------+----+---+----+-----+
    |mul_25ns_18ns_43_1_1_U331  |mul_25ns_18ns_43_1_1  |        0|   1|  0|  48|    0|
    |mul_25ns_25ns_50_1_1_U330  |mul_25ns_25ns_50_1_1  |        0|   2|  0|  48|    0|
    +---------------------------+----------------------+---------+----+---+----+-----+
    |Total                      |                      |        0|   3|  0|  96|    0|
    +---------------------------+----------------------+---------+----+---+----+-----+

    * DSP: 
    N/A

    * Memory: 
    +-------------------------+----------------------------------------------+---------+----+----+-----+------+-----+------+-------------+
    |          Memory         |                    Module                    | BRAM_18K| FF | LUT| URAM| Words| Bits| Banks| W*Bits*Banks|
    +-------------------------+----------------------------------------------+---------+----+----+-----+------+-----+------+-------------+
    |exp_x_msb_1_table_U      |exp_17_9_s_exp_x_msb_1_table_ROM_AUTO_1R      |        0|  25|  13|    0|    32|   25|     1|          800|
    |exp_x_msb_2_m_1_table_U  |exp_17_9_s_exp_x_msb_2_m_1_table_ROM_AUTO_1R  |        0|  25|  13|    0|    32|   25|     1|          800|
    |f_x_lsb_table_U          |exp_17_9_s_f_x_lsb_table_ROM_AUTO_1R          |        0|  11|   6|    0|    32|   11|     1|          352|
    +-------------------------+----------------------------------------------+---------+----+----+-----+------+-----+------+-------------+
    |Total                    |                                              |        0|  61|  32|    0|    96|   61|     3|         1952|
    +-------------------------+----------------------------------------------+---------+----+----+-----+------+-----+------+-------------+

    * FIFO: 
    N/A

    * Expression: 
    +-------------------------------+----------+----+---+----+------------+------------+
    |         Variable Name         | Operation| DSP| FF| LUT| Bitwidth P0| Bitwidth P1|
    +-------------------------------+----------+----+---+----+------------+------------+
    |add_ln249_fu_406_p2            |         +|   0|  0|  27|          20|          20|
    |exp_x_msb_2_lsb_m_1_fu_416_p2  |         +|   0|  0|  32|          25|          25|
    |y_l_fu_452_p2                  |         +|   0|  0|  32|          25|          25|
    |and_ln202_fu_269_p2            |       and|   0|  0|   2|           1|           1|
    |icmp_ln202_1_fu_263_p2         |      icmp|   0|  0|  18|          11|          11|
    |icmp_ln202_fu_257_p2           |      icmp|   0|  0|  13|           4|           3|
    |overf_1_fu_483_p2              |      icmp|   0|  0|  10|           2|           1|
    |or_ln202_1_fu_323_p2           |        or|   0|  0|   2|           1|           1|
    |or_ln202_2_fu_329_p2           |        or|   0|  0|   2|           1|           1|
    |or_ln202_3_fu_335_p2           |        or|   0|  0|   2|           1|           1|
    |or_ln202_4_fu_341_p2           |        or|   0|  0|   2|           1|           1|
    |or_ln202_fu_317_p2             |        or|   0|  0|   2|           1|           1|
    |overf_2_fu_497_p2              |        or|   0|  0|   2|           1|           1|
    |ap_return                      |    select|   0|  0|  16|           1|           2|
    |select_ln190_fu_444_p3         |    select|   0|  0|   2|           1|           2|
    |y_2_fu_466_p3                  |    select|   0|  0|  22|           1|          22|
    |ap_enable_pp0                  |       xor|   0|  0|   2|           1|           2|
    |overf_fu_195_p2                |       xor|   0|  0|   2|           1|           1|
    |xor_ln198_1_fu_223_p2          |       xor|   0|  0|   2|           1|           1|
    |xor_ln198_2_fu_237_p2          |       xor|   0|  0|   2|           1|           1|
    |xor_ln198_3_fu_251_p2          |       xor|   0|  0|   2|           1|           1|
    |xor_ln198_fu_209_p2            |       xor|   0|  0|   2|           1|           1|
    |y_fu_439_p2                    |       xor|   0|  0|   2|           1|           2|
    +-------------------------------+----------+----+---+----+------------+------------+
    |Total                          |          |   0|  0| 200|         104|         127|
    +-------------------------------+----------+----+---+----+------------+------------+

    * Multiplexer: 
    N/A

    * Register: 
    +---------------------------------------+----+----+-----+-----------+
    |                  Name                 | FF | LUT| Bits| Const Bits|
    +---------------------------------------+----+----+-----+-----------+
    |ap_CS_fsm                              |   1|   0|    1|          0|
    |ap_enable_reg_pp0_iter1                |   1|   0|    1|          0|
    |ap_enable_reg_pp0_iter2                |   1|   0|    1|          0|
    |ap_enable_reg_pp0_iter3                |   1|   0|    1|          0|
    |ap_enable_reg_pp0_iter4                |   1|   0|    1|          0|
    |ap_enable_reg_pp0_iter5                |   1|   0|    1|          0|
    |exp_x_msb_1_reg_580                    |  25|   0|   25|          0|
    |exp_x_msb_1_reg_580_pp0_iter4_reg      |  25|   0|   25|          0|
    |exp_x_msb_2_lsb_m_1_reg_575            |  25|   0|   25|          0|
    |exp_x_msb_2_m_1_reg_559                |  25|   0|   25|          0|
    |exp_x_msb_2_m_1_reg_559_pp0_iter2_reg  |  25|   0|   25|          0|
    |f_x_lsb_reg_553                        |  11|   0|   11|          0|
    |f_x_lsb_reg_553_pp0_iter2_reg          |  11|   0|   11|          0|
    |or_ln202_4_reg_548                     |   1|   0|    1|          0|
    |tmp_1_reg_521                          |   1|   0|    1|          0|
    |tmp_reg_527                            |   4|   0|    4|          0|
    |tmp_reg_527_pp0_iter1_reg              |   4|   0|    4|          0|
    |trunc_ln217_reg_532                    |   2|   0|    2|          0|
    |trunc_ln3_reg_565                      |  19|   0|   19|          0|
    |y_lo_s_reg_586                         |  25|   0|   25|          0|
    |or_ln202_4_reg_548                     |  64|  32|    1|          0|
    |tmp_1_reg_521                          |  64|  32|    1|          0|
    |trunc_ln217_reg_532                    |  64|  32|    2|          0|
    +---------------------------------------+----+----+-----+-----------+
    |Total                                  | 401|  96|  213|          0|
    +---------------------------------------+----+----+-----+-----------+



================================================================
== Interface
================================================================
* Summary: 
+-----------+-----+-----+------------+--------------+--------------+
| RTL Ports | Dir | Bits|  Protocol  | Source Object|    C Type    |
+-----------+-----+-----+------------+--------------+--------------+
|ap_clk     |   in|    1|  ap_ctrl_hs|    exp<17, 9>|  return value|
|ap_rst     |   in|    1|  ap_ctrl_hs|    exp<17, 9>|  return value|
|ap_start   |   in|    1|  ap_ctrl_hs|    exp<17, 9>|  return value|
|ap_done    |  out|    1|  ap_ctrl_hs|    exp<17, 9>|  return value|
|ap_idle    |  out|    1|  ap_ctrl_hs|    exp<17, 9>|  return value|
|ap_ready   |  out|    1|  ap_ctrl_hs|    exp<17, 9>|  return value|
|ap_return  |  out|   16|  ap_ctrl_hs|    exp<17, 9>|  return value|
|x_val      |   in|   17|     ap_none|         x_val|        scalar|
+-----------+-----+-----+------------+--------------+--------------+

