

================================================================
== Vitis HLS Report for 'neural_network'
================================================================
* Date:           Fri Sep 13 07:20:34 2024

* Version:        2023.1 (Build 3854077 on May  4 2023)
* Project:        hlsc_fcnn_iris
* Solution:       solution1 (Vivado IP Flow Target)
* Product family: artix7
* Target device:  xc7a35t-cpg236-1


================================================================
== Performance Estimates
================================================================
+ Timing: 
    * Summary: 
    +--------+----------+----------+------------+
    |  Clock |  Target  | Estimated| Uncertainty|
    +--------+----------+----------+------------+
    |ap_clk  |  10.00 ns|  7.222 ns|     2.70 ns|
    +--------+----------+----------+------------+

+ Latency: 
    * Summary: 
    +---------+---------+----------+----------+-----+-----+---------+
    |  Latency (cycles) |  Latency (absolute) |  Interval | Pipeline|
    |   min   |   max   |    min   |    max   | min | max |   Type  |
    +---------+---------+----------+----------+-----+-----+---------+
    |       96|       96|  0.960 us|  0.960 us|   97|   97|       no|
    +---------+---------+----------+----------+-----+-----+---------+

    + Detail: 
        * Instance: 
        +----------------------------------------------------+-----------------------------------------+---------+---------+-----------+-----------+-----+-----+---------+
        |                                                    |                                         |  Latency (cycles) |   Latency (absolute)  |  Interval | Pipeline|
        |                      Instance                      |                  Module                 |   min   |   max   |    min    |    max    | min | max |   Type  |
        +----------------------------------------------------+-----------------------------------------+---------+---------+-----------+-----------+-----+-----+---------+
        |grp_neural_network_Pipeline_VITIS_LOOP_42_1_fu_222  |neural_network_Pipeline_VITIS_LOOP_42_1  |       16|       16|   0.160 us|   0.160 us|   16|   16|       no|
        |grp_neural_network_Pipeline_VITIS_LOOP_52_3_fu_242  |neural_network_Pipeline_VITIS_LOOP_52_3  |       13|       13|   0.130 us|   0.130 us|   13|   13|       no|
        |grp_neural_network_Pipeline_VITIS_LOOP_19_1_fu_260  |neural_network_Pipeline_VITIS_LOOP_19_1  |        4|        4|  40.000 ns|  40.000 ns|    4|    4|       no|
        |grp_neural_network_Pipeline_VITIS_LOOP_23_2_fu_268  |neural_network_Pipeline_VITIS_LOOP_23_2  |       11|       11|   0.110 us|   0.110 us|   11|   11|       no|
        |grp_neural_network_Pipeline_VITIS_LOOP_28_3_fu_285  |neural_network_Pipeline_VITIS_LOOP_28_3  |       35|       35|   0.350 us|   0.350 us|   35|   35|       no|
        +----------------------------------------------------+-----------------------------------------+---------+---------+-----------+-----------+-----+-----+---------+

        * Loop: 
        N/A

============================================================
+ Verbose Summary: Synthesis Manager
============================================================
InlineROM: 1
ExposeGlobal: 0
============================================================
+ Verbose Summary: CDFG Model
============================================================
IsTopModel: 1
ResetActiveHigh: 1
IsCombinational: 0
IsDatapathOnly: 0
HasWiredReturn: 1
HasMFsm: 0
HasVarLatency: 1
IsPipeline: 0
IsRtlPipelined: 0
IsInstanceOverlapped: 0
IsDontTouch: 0
HasImplIP: 0
IsGatedGlobalClock: 0


============================================================
+ Verbose Summary: Schedule
============================================================
* Number of FSM states : 18
* Pipeline : 0
* Dataflow Pipeline: 0

* FSM state transitions: 
1 --> 2 
2 --> 3 
3 --> 4 
4 --> 5 
5 --> 6 
6 --> 7 
7 --> 8 
8 --> 9 
9 --> 10 
10 --> 11 
11 --> 12 
12 --> 13 
13 --> 14 
14 --> 15 
15 --> 16 
16 --> 17 
17 --> 18 
18 --> 

* FSM state operations: 

State 1 <SV = 0> <Delay = 2.15>
ST_1 : Operation 19 [1/1] (0.00ns)   --->   "%sum_1_loc = alloca i64 1"   --->   Operation 19 'alloca' 'sum_1_loc' <Predicate = true> <Delay = 0.00>
ST_1 : Operation 20 [1/1] (0.00ns)   --->   "%max_val_1_loc = alloca i64 1"   --->   Operation 20 'alloca' 'max_val_1_loc' <Predicate = true> <Delay = 0.00>
ST_1 : Operation 21 [1/1] (0.00ns)   --->   "%max_val_loc = alloca i64 1"   --->   Operation 21 'alloca' 'max_val_loc' <Predicate = true> <Delay = 0.00>
ST_1 : Operation 22 [1/1] (0.00ns)   --->   "%layer2_output_0_01_loc = alloca i64 1"   --->   Operation 22 'alloca' 'layer2_output_0_01_loc' <Predicate = true> <Delay = 0.00>
ST_1 : Operation 23 [1/1] (0.00ns)   --->   "%layer2_output_1_02_loc = alloca i64 1"   --->   Operation 23 'alloca' 'layer2_output_1_02_loc' <Predicate = true> <Delay = 0.00>
ST_1 : Operation 24 [1/1] (0.00ns)   --->   "%layer2_output_2_03_loc = alloca i64 1"   --->   Operation 24 'alloca' 'layer2_output_2_03_loc' <Predicate = true> <Delay = 0.00>
ST_1 : Operation 25 [1/1] (2.15ns)   --->   "%layer1_output = alloca i64 1" [nn.cpp:38]   --->   Operation 25 'alloca' 'layer1_output' <Predicate = true> <Delay = 2.15> <CoreInst = "RAM">   --->   Core 82 'RAM' <Latency = 1> <II = 1> <Delay = 2.15> <Storage> <Opcode : 'load' 'store'> <Ports = 2> <Width = 15> <Depth = 8> <RAM>
ST_1 : Operation 26 [1/1] (0.00ns)   --->   "%input_r_addr = getelementptr i16 %input_r, i64 0, i64 0" [nn.cpp:45]   --->   Operation 26 'getelementptr' 'input_r_addr' <Predicate = true> <Delay = 0.00>
ST_1 : Operation 27 [2/2] (2.15ns)   --->   "%input_r_load = load i2 %input_r_addr" [nn.cpp:45]   --->   Operation 27 'load' 'input_r_load' <Predicate = true> <Delay = 2.15> <CoreInst = "RAM_1P">   --->   Core 86 'RAM_1P' <Latency = 1> <II = 1> <Delay = 2.15> <Storage> <Opcode : 'load' 'store'> <Ports = 1> <Width = 16> <Depth = 4> <RAM>

State 2 <SV = 1> <Delay = 2.15>
ST_2 : Operation 28 [1/2] (2.15ns)   --->   "%input_r_load = load i2 %input_r_addr" [nn.cpp:45]   --->   Operation 28 'load' 'input_r_load' <Predicate = true> <Delay = 2.15> <CoreInst = "RAM_1P">   --->   Core 86 'RAM_1P' <Latency = 1> <II = 1> <Delay = 2.15> <Storage> <Opcode : 'load' 'store'> <Ports = 1> <Width = 16> <Depth = 4> <RAM>
ST_2 : Operation 29 [1/1] (0.00ns)   --->   "%input_r_addr_1 = getelementptr i16 %input_r, i64 0, i64 1" [nn.cpp:45]   --->   Operation 29 'getelementptr' 'input_r_addr_1' <Predicate = true> <Delay = 0.00>
ST_2 : Operation 30 [2/2] (2.15ns)   --->   "%input_r_load_1 = load i2 %input_r_addr_1" [nn.cpp:45]   --->   Operation 30 'load' 'input_r_load_1' <Predicate = true> <Delay = 2.15> <CoreInst = "RAM_1P">   --->   Core 86 'RAM_1P' <Latency = 1> <II = 1> <Delay = 2.15> <Storage> <Opcode : 'load' 'store'> <Ports = 1> <Width = 16> <Depth = 4> <RAM>

State 3 <SV = 2> <Delay = 2.15>
ST_3 : Operation 31 [1/2] (2.15ns)   --->   "%input_r_load_1 = load i2 %input_r_addr_1" [nn.cpp:45]   --->   Operation 31 'load' 'input_r_load_1' <Predicate = true> <Delay = 2.15> <CoreInst = "RAM_1P">   --->   Core 86 'RAM_1P' <Latency = 1> <II = 1> <Delay = 2.15> <Storage> <Opcode : 'load' 'store'> <Ports = 1> <Width = 16> <Depth = 4> <RAM>
ST_3 : Operation 32 [1/1] (0.00ns)   --->   "%input_r_addr_2 = getelementptr i16 %input_r, i64 0, i64 2" [nn.cpp:45]   --->   Operation 32 'getelementptr' 'input_r_addr_2' <Predicate = true> <Delay = 0.00>
ST_3 : Operation 33 [2/2] (2.15ns)   --->   "%input_r_load_2 = load i2 %input_r_addr_2" [nn.cpp:45]   --->   Operation 33 'load' 'input_r_load_2' <Predicate = true> <Delay = 2.15> <CoreInst = "RAM_1P">   --->   Core 86 'RAM_1P' <Latency = 1> <II = 1> <Delay = 2.15> <Storage> <Opcode : 'load' 'store'> <Ports = 1> <Width = 16> <Depth = 4> <RAM>

State 4 <SV = 3> <Delay = 2.15>
ST_4 : Operation 34 [1/2] (2.15ns)   --->   "%input_r_load_2 = load i2 %input_r_addr_2" [nn.cpp:45]   --->   Operation 34 'load' 'input_r_load_2' <Predicate = true> <Delay = 2.15> <CoreInst = "RAM_1P">   --->   Core 86 'RAM_1P' <Latency = 1> <II = 1> <Delay = 2.15> <Storage> <Opcode : 'load' 'store'> <Ports = 1> <Width = 16> <Depth = 4> <RAM>
ST_4 : Operation 35 [1/1] (0.00ns)   --->   "%input_r_addr_3 = getelementptr i16 %input_r, i64 0, i64 3" [nn.cpp:45]   --->   Operation 35 'getelementptr' 'input_r_addr_3' <Predicate = true> <Delay = 0.00>
ST_4 : Operation 36 [2/2] (2.15ns)   --->   "%input_r_load_3 = load i2 %input_r_addr_3" [nn.cpp:45]   --->   Operation 36 'load' 'input_r_load_3' <Predicate = true> <Delay = 2.15> <CoreInst = "RAM_1P">   --->   Core 86 'RAM_1P' <Latency = 1> <II = 1> <Delay = 2.15> <Storage> <Opcode : 'load' 'store'> <Ports = 1> <Width = 16> <Depth = 4> <RAM>

State 5 <SV = 4> <Delay = 2.15>
ST_5 : Operation 37 [1/2] (2.15ns)   --->   "%input_r_load_3 = load i2 %input_r_addr_3" [nn.cpp:45]   --->   Operation 37 'load' 'input_r_load_3' <Predicate = true> <Delay = 2.15> <CoreInst = "RAM_1P">   --->   Core 86 'RAM_1P' <Latency = 1> <II = 1> <Delay = 2.15> <Storage> <Opcode : 'load' 'store'> <Ports = 1> <Width = 16> <Depth = 4> <RAM>
ST_5 : Operation 38 [2/2] (0.00ns)   --->   "%call_ln45 = call void @neural_network_Pipeline_VITIS_LOOP_42_1, i16 %input_r_load, i16 %input_r_load_1, i16 %input_r_load_2, i16 %input_r_load_3, i15 %layer1_output, i9 %layer1_weights_0, i9 %layer1_weights_1, i9 %layer1_weights_2, i9 %layer1_weights_3, i7 %layer1_bias" [nn.cpp:45]   --->   Operation 38 'call' 'call_ln45' <Predicate = true> <Delay = 0.00> <CoreType = "Generic">   --->   Core 0 '' <Latency = 0> <II = 1> <Delay = 1.00> <Generic> <Opcode : >

State 6 <SV = 5> <Delay = 0.00>
ST_6 : Operation 39 [1/2] (0.00ns)   --->   "%call_ln45 = call void @neural_network_Pipeline_VITIS_LOOP_42_1, i16 %input_r_load, i16 %input_r_load_1, i16 %input_r_load_2, i16 %input_r_load_3, i15 %layer1_output, i9 %layer1_weights_0, i9 %layer1_weights_1, i9 %layer1_weights_2, i9 %layer1_weights_3, i7 %layer1_bias" [nn.cpp:45]   --->   Operation 39 'call' 'call_ln45' <Predicate = true> <Delay = 0.00> <CoreType = "Generic">   --->   Core 0 '' <Latency = 0> <II = 1> <Delay = 1.00> <Generic> <Opcode : >

State 7 <SV = 6> <Delay = 2.15>
ST_7 : Operation 40 [1/1] (0.00ns)   --->   "%layer1_output_addr = getelementptr i15 %layer1_output, i64 0, i64 0" [nn.cpp:55]   --->   Operation 40 'getelementptr' 'layer1_output_addr' <Predicate = true> <Delay = 0.00>
ST_7 : Operation 41 [2/2] (2.15ns)   --->   "%layer1_output_load = load i3 %layer1_output_addr" [nn.cpp:55]   --->   Operation 41 'load' 'layer1_output_load' <Predicate = true> <Delay = 2.15> <CoreInst = "RAM">   --->   Core 82 'RAM' <Latency = 1> <II = 1> <Delay = 2.15> <Storage> <Opcode : 'load' 'store'> <Ports = 2> <Width = 15> <Depth = 8> <RAM>
ST_7 : Operation 42 [1/1] (0.00ns)   --->   "%layer1_output_addr_1 = getelementptr i15 %layer1_output, i64 0, i64 1" [nn.cpp:55]   --->   Operation 42 'getelementptr' 'layer1_output_addr_1' <Predicate = true> <Delay = 0.00>
ST_7 : Operation 43 [2/2] (2.15ns)   --->   "%layer1_output_load_1 = load i3 %layer1_output_addr_1" [nn.cpp:55]   --->   Operation 43 'load' 'layer1_output_load_1' <Predicate = true> <Delay = 2.15> <CoreInst = "RAM">   --->   Core 82 'RAM' <Latency = 1> <II = 1> <Delay = 2.15> <Storage> <Opcode : 'load' 'store'> <Ports = 2> <Width = 15> <Depth = 8> <RAM>

State 8 <SV = 7> <Delay = 2.15>
ST_8 : Operation 44 [1/2] (2.15ns)   --->   "%layer1_output_load = load i3 %layer1_output_addr" [nn.cpp:55]   --->   Operation 44 'load' 'layer1_output_load' <Predicate = true> <Delay = 2.15> <CoreInst = "RAM">   --->   Core 82 'RAM' <Latency = 1> <II = 1> <Delay = 2.15> <Storage> <Opcode : 'load' 'store'> <Ports = 2> <Width = 15> <Depth = 8> <RAM>
ST_8 : Operation 45 [1/2] (2.15ns)   --->   "%layer1_output_load_1 = load i3 %layer1_output_addr_1" [nn.cpp:55]   --->   Operation 45 'load' 'layer1_output_load_1' <Predicate = true> <Delay = 2.15> <CoreInst = "RAM">   --->   Core 82 'RAM' <Latency = 1> <II = 1> <Delay = 2.15> <Storage> <Opcode : 'load' 'store'> <Ports = 2> <Width = 15> <Depth = 8> <RAM>
ST_8 : Operation 46 [1/1] (0.00ns)   --->   "%layer1_output_addr_2 = getelementptr i15 %layer1_output, i64 0, i64 2" [nn.cpp:55]   --->   Operation 46 'getelementptr' 'layer1_output_addr_2' <Predicate = true> <Delay = 0.00>
ST_8 : Operation 47 [2/2] (2.15ns)   --->   "%layer1_output_load_2 = load i3 %layer1_output_addr_2" [nn.cpp:55]   --->   Operation 47 'load' 'layer1_output_load_2' <Predicate = true> <Delay = 2.15> <CoreInst = "RAM">   --->   Core 82 'RAM' <Latency = 1> <II = 1> <Delay = 2.15> <Storage> <Opcode : 'load' 'store'> <Ports = 2> <Width = 15> <Depth = 8> <RAM>
ST_8 : Operation 48 [1/1] (0.00ns)   --->   "%layer1_output_addr_3 = getelementptr i15 %layer1_output, i64 0, i64 3" [nn.cpp:55]   --->   Operation 48 'getelementptr' 'layer1_output_addr_3' <Predicate = true> <Delay = 0.00>
ST_8 : Operation 49 [2/2] (2.15ns)   --->   "%layer1_output_load_3 = load i3 %layer1_output_addr_3" [nn.cpp:55]   --->   Operation 49 'load' 'layer1_output_load_3' <Predicate = true> <Delay = 2.15> <CoreInst = "RAM">   --->   Core 82 'RAM' <Latency = 1> <II = 1> <Delay = 2.15> <Storage> <Opcode : 'load' 'store'> <Ports = 2> <Width = 15> <Depth = 8> <RAM>

State 9 <SV = 8> <Delay = 2.15>
ST_9 : Operation 50 [1/2] (2.15ns)   --->   "%layer1_output_load_2 = load i3 %layer1_output_addr_2" [nn.cpp:55]   --->   Operation 50 'load' 'layer1_output_load_2' <Predicate = true> <Delay = 2.15> <CoreInst = "RAM">   --->   Core 82 'RAM' <Latency = 1> <II = 1> <Delay = 2.15> <Storage> <Opcode : 'load' 'store'> <Ports = 2> <Width = 15> <Depth = 8> <RAM>
ST_9 : Operation 51 [1/2] (2.15ns)   --->   "%layer1_output_load_3 = load i3 %layer1_output_addr_3" [nn.cpp:55]   --->   Operation 51 'load' 'layer1_output_load_3' <Predicate = true> <Delay = 2.15> <CoreInst = "RAM">   --->   Core 82 'RAM' <Latency = 1> <II = 1> <Delay = 2.15> <Storage> <Opcode : 'load' 'store'> <Ports = 2> <Width = 15> <Depth = 8> <RAM>
ST_9 : Operation 52 [1/1] (0.00ns)   --->   "%layer1_output_addr_4 = getelementptr i15 %layer1_output, i64 0, i64 4" [nn.cpp:55]   --->   Operation 52 'getelementptr' 'layer1_output_addr_4' <Predicate = true> <Delay = 0.00>
ST_9 : Operation 53 [2/2] (2.15ns)   --->   "%layer1_output_load_4 = load i3 %layer1_output_addr_4" [nn.cpp:55]   --->   Operation 53 'load' 'layer1_output_load_4' <Predicate = true> <Delay = 2.15> <CoreInst = "RAM">   --->   Core 82 'RAM' <Latency = 1> <II = 1> <Delay = 2.15> <Storage> <Opcode : 'load' 'store'> <Ports = 2> <Width = 15> <Depth = 8> <RAM>
ST_9 : Operation 54 [1/1] (0.00ns)   --->   "%layer1_output_addr_5 = getelementptr i15 %layer1_output, i64 0, i64 5" [nn.cpp:55]   --->   Operation 54 'getelementptr' 'layer1_output_addr_5' <Predicate = true> <Delay = 0.00>
ST_9 : Operation 55 [2/2] (2.15ns)   --->   "%layer1_output_load_5 = load i3 %layer1_output_addr_5" [nn.cpp:55]   --->   Operation 55 'load' 'layer1_output_load_5' <Predicate = true> <Delay = 2.15> <CoreInst = "RAM">   --->   Core 82 'RAM' <Latency = 1> <II = 1> <Delay = 2.15> <Storage> <Opcode : 'load' 'store'> <Ports = 2> <Width = 15> <Depth = 8> <RAM>

State 10 <SV = 9> <Delay = 2.15>
ST_10 : Operation 56 [1/2] (2.15ns)   --->   "%layer1_output_load_4 = load i3 %layer1_output_addr_4" [nn.cpp:55]   --->   Operation 56 'load' 'layer1_output_load_4' <Predicate = true> <Delay = 2.15> <CoreInst = "RAM">   --->   Core 82 'RAM' <Latency = 1> <II = 1> <Delay = 2.15> <Storage> <Opcode : 'load' 'store'> <Ports = 2> <Width = 15> <Depth = 8> <RAM>
ST_10 : Operation 57 [1/2] (2.15ns)   --->   "%layer1_output_load_5 = load i3 %layer1_output_addr_5" [nn.cpp:55]   --->   Operation 57 'load' 'layer1_output_load_5' <Predicate = true> <Delay = 2.15> <CoreInst = "RAM">   --->   Core 82 'RAM' <Latency = 1> <II = 1> <Delay = 2.15> <Storage> <Opcode : 'load' 'store'> <Ports = 2> <Width = 15> <Depth = 8> <RAM>
ST_10 : Operation 58 [1/1] (0.00ns)   --->   "%layer1_output_addr_6 = getelementptr i15 %layer1_output, i64 0, i64 6" [nn.cpp:55]   --->   Operation 58 'getelementptr' 'layer1_output_addr_6' <Predicate = true> <Delay = 0.00>
ST_10 : Operation 59 [2/2] (2.15ns)   --->   "%layer1_output_load_6 = load i3 %layer1_output_addr_6" [nn.cpp:55]   --->   Operation 59 'load' 'layer1_output_load_6' <Predicate = true> <Delay = 2.15> <CoreInst = "RAM">   --->   Core 82 'RAM' <Latency = 1> <II = 1> <Delay = 2.15> <Storage> <Opcode : 'load' 'store'> <Ports = 2> <Width = 15> <Depth = 8> <RAM>
ST_10 : Operation 60 [1/1] (0.00ns)   --->   "%layer1_output_addr_7 = getelementptr i15 %layer1_output, i64 0, i64 7" [nn.cpp:55]   --->   Operation 60 'getelementptr' 'layer1_output_addr_7' <Predicate = true> <Delay = 0.00>
ST_10 : Operation 61 [2/2] (2.15ns)   --->   "%layer1_output_load_7 = load i3 %layer1_output_addr_7" [nn.cpp:55]   --->   Operation 61 'load' 'layer1_output_load_7' <Predicate = true> <Delay = 2.15> <CoreInst = "RAM">   --->   Core 82 'RAM' <Latency = 1> <II = 1> <Delay = 2.15> <Storage> <Opcode : 'load' 'store'> <Ports = 2> <Width = 15> <Depth = 8> <RAM>

State 11 <SV = 10> <Delay = 3.60>
ST_11 : Operation 62 [1/2] (2.15ns)   --->   "%layer1_output_load_6 = load i3 %layer1_output_addr_6" [nn.cpp:55]   --->   Operation 62 'load' 'layer1_output_load_6' <Predicate = true> <Delay = 2.15> <CoreInst = "RAM">   --->   Core 82 'RAM' <Latency = 1> <II = 1> <Delay = 2.15> <Storage> <Opcode : 'load' 'store'> <Ports = 2> <Width = 15> <Depth = 8> <RAM>
ST_11 : Operation 63 [1/2] (2.15ns)   --->   "%layer1_output_load_7 = load i3 %layer1_output_addr_7" [nn.cpp:55]   --->   Operation 63 'load' 'layer1_output_load_7' <Predicate = true> <Delay = 2.15> <CoreInst = "RAM">   --->   Core 82 'RAM' <Latency = 1> <II = 1> <Delay = 2.15> <Storage> <Opcode : 'load' 'store'> <Ports = 2> <Width = 15> <Depth = 8> <RAM>
ST_11 : Operation 64 [2/2] (1.45ns)   --->   "%call_ln55 = call void @neural_network_Pipeline_VITIS_LOOP_52_3, i15 %layer1_output_load, i15 %layer1_output_load_1, i15 %layer1_output_load_2, i15 %layer1_output_load_3, i15 %layer1_output_load_4, i15 %layer1_output_load_5, i15 %layer1_output_load_6, i15 %layer1_output_load_7, i16 %layer2_output_2_03_loc, i16 %layer2_output_1_02_loc, i16 %layer2_output_0_01_loc, i16 %max_val_loc" [nn.cpp:55]   --->   Operation 64 'call' 'call_ln55' <Predicate = true> <Delay = 1.45> <CoreType = "Generic">   --->   Core 0 '' <Latency = 0> <II = 1> <Delay = 1.00> <Generic> <Opcode : >

State 12 <SV = 11> <Delay = 0.00>
ST_12 : Operation 65 [1/2] (0.00ns)   --->   "%call_ln55 = call void @neural_network_Pipeline_VITIS_LOOP_52_3, i15 %layer1_output_load, i15 %layer1_output_load_1, i15 %layer1_output_load_2, i15 %layer1_output_load_3, i15 %layer1_output_load_4, i15 %layer1_output_load_5, i15 %layer1_output_load_6, i15 %layer1_output_load_7, i16 %layer2_output_2_03_loc, i16 %layer2_output_1_02_loc, i16 %layer2_output_0_01_loc, i16 %max_val_loc" [nn.cpp:55]   --->   Operation 65 'call' 'call_ln55' <Predicate = true> <Delay = 0.00> <CoreType = "Generic">   --->   Core 0 '' <Latency = 0> <II = 1> <Delay = 1.00> <Generic> <Opcode : >

State 13 <SV = 12> <Delay = 1.61>
ST_13 : Operation 66 [1/1] (0.00ns)   --->   "%layer2_output_2_03_loc_load = load i16 %layer2_output_2_03_loc"   --->   Operation 66 'load' 'layer2_output_2_03_loc_load' <Predicate = true> <Delay = 0.00>
ST_13 : Operation 67 [1/1] (0.00ns)   --->   "%layer2_output_1_02_loc_load = load i16 %layer2_output_1_02_loc"   --->   Operation 67 'load' 'layer2_output_1_02_loc_load' <Predicate = true> <Delay = 0.00>
ST_13 : Operation 68 [1/1] (0.00ns)   --->   "%max_val_loc_load = load i16 %max_val_loc"   --->   Operation 68 'load' 'max_val_loc_load' <Predicate = true> <Delay = 0.00>
ST_13 : Operation 69 [2/2] (1.61ns)   --->   "%call_ln0 = call void @neural_network_Pipeline_VITIS_LOOP_19_1, i16 %max_val_loc_load, i16 %layer2_output_1_02_loc_load, i16 %layer2_output_2_03_loc_load, i16 %max_val_1_loc"   --->   Operation 69 'call' 'call_ln0' <Predicate = true> <Delay = 1.61> <CoreType = "Generic">   --->   Core 0 '' <Latency = 0> <II = 1> <Delay = 1.00> <Generic> <Opcode : >

State 14 <SV = 13> <Delay = 3.19>
ST_14 : Operation 70 [1/2] (3.19ns)   --->   "%call_ln0 = call void @neural_network_Pipeline_VITIS_LOOP_19_1, i16 %max_val_loc_load, i16 %layer2_output_1_02_loc_load, i16 %layer2_output_2_03_loc_load, i16 %max_val_1_loc"   --->   Operation 70 'call' 'call_ln0' <Predicate = true> <Delay = 3.19> <CoreType = "Generic">   --->   Core 0 '' <Latency = 0> <II = 1> <Delay = 1.00> <Generic> <Opcode : >

State 15 <SV = 14> <Delay = 0.00>
ST_15 : Operation 71 [1/1] (0.00ns)   --->   "%layer2_output_0_01_loc_load = load i16 %layer2_output_0_01_loc"   --->   Operation 71 'load' 'layer2_output_0_01_loc_load' <Predicate = true> <Delay = 0.00>
ST_15 : Operation 72 [1/1] (0.00ns)   --->   "%max_val_1_loc_load = load i16 %max_val_1_loc"   --->   Operation 72 'load' 'max_val_1_loc_load' <Predicate = true> <Delay = 0.00>
ST_15 : Operation 73 [2/2] (0.00ns)   --->   "%call_ln0 = call void @neural_network_Pipeline_VITIS_LOOP_23_2, i16 %layer2_output_0_01_loc_load, i16 %layer2_output_1_02_loc_load, i16 %layer2_output_2_03_loc_load, i16 %max_val_1_loc_load, i16 %output_r, i16 %sum_1_loc, i11 %f_x_lsb_table, i25 %exp_x_msb_2_m_1_table, i25 %exp_x_msb_1_table"   --->   Operation 73 'call' 'call_ln0' <Predicate = true> <Delay = 0.00> <CoreType = "Generic">   --->   Core 0 '' <Latency = 0> <II = 1> <Delay = 1.00> <Generic> <Opcode : >

State 16 <SV = 15> <Delay = 0.00>
ST_16 : Operation 74 [1/2] (0.00ns)   --->   "%call_ln0 = call void @neural_network_Pipeline_VITIS_LOOP_23_2, i16 %layer2_output_0_01_loc_load, i16 %layer2_output_1_02_loc_load, i16 %layer2_output_2_03_loc_load, i16 %max_val_1_loc_load, i16 %output_r, i16 %sum_1_loc, i11 %f_x_lsb_table, i25 %exp_x_msb_2_m_1_table, i25 %exp_x_msb_1_table"   --->   Operation 74 'call' 'call_ln0' <Predicate = true> <Delay = 0.00> <CoreType = "Generic">   --->   Core 0 '' <Latency = 0> <II = 1> <Delay = 1.00> <Generic> <Opcode : >

State 17 <SV = 16> <Delay = 0.00>
ST_17 : Operation 75 [1/1] (0.00ns)   --->   "%sum_1_loc_load = load i16 %sum_1_loc"   --->   Operation 75 'load' 'sum_1_loc_load' <Predicate = true> <Delay = 0.00>
ST_17 : Operation 76 [2/2] (0.00ns)   --->   "%call_ln0 = call void @neural_network_Pipeline_VITIS_LOOP_28_3, i16 %output_r, i16 %sum_1_loc_load"   --->   Operation 76 'call' 'call_ln0' <Predicate = true> <Delay = 0.00> <CoreType = "Generic">   --->   Core 0 '' <Latency = 0> <II = 1> <Delay = 1.00> <Generic> <Opcode : >

State 18 <SV = 17> <Delay = 0.00>
ST_18 : Operation 77 [1/1] (0.00ns)   --->   "%spectopmodule_ln33 = spectopmodule void @_ssdm_op_SpecTopModule, void @empty_0" [nn.cpp:33]   --->   Operation 77 'spectopmodule' 'spectopmodule_ln33' <Predicate = true> <Delay = 0.00>
ST_18 : Operation 78 [1/1] (0.00ns)   --->   "%specinterface_ln0 = specinterface void @_ssdm_op_SpecInterface, i16 %input_r, void @empty_6, i32 0, i32 0, void @empty_7, i32 0, i32 0, void @empty_5, void @empty_8, void @empty_7, i32 0, i32 0, i32 0, i32 0, void @empty_7, void @empty_7, i32 4294967295, i32 0"   --->   Operation 78 'specinterface' 'specinterface_ln0' <Predicate = true> <Delay = 0.00>
ST_18 : Operation 79 [1/1] (0.00ns)   --->   "%specinterface_ln0 = specinterface void @_ssdm_op_SpecInterface, i16 %input_r, void @empty_1, i32 0, i32 0, void @empty_7, i32 1, i32 0, void @empty_7, void @empty_7, void @empty_7, i32 0, i32 0, i32 0, i32 0, void @empty_7, void @empty_7, i32 4294967295, i32 0"   --->   Operation 79 'specinterface' 'specinterface_ln0' <Predicate = true> <Delay = 0.00>
ST_18 : Operation 80 [1/1] (0.00ns)   --->   "%specmemcore_ln0 = specmemcore void @_ssdm_op_SpecMemCore, i16 %input_r, i64 666, i64 207, i64 1"   --->   Operation 80 'specmemcore' 'specmemcore_ln0' <Predicate = true> <Delay = 0.00>
ST_18 : Operation 81 [1/1] (0.00ns)   --->   "%specbitsmap_ln0 = specbitsmap void @_ssdm_op_SpecBitsMap, i16 %input_r"   --->   Operation 81 'specbitsmap' 'specbitsmap_ln0' <Predicate = true> <Delay = 0.00>
ST_18 : Operation 82 [1/1] (0.00ns)   --->   "%specinterface_ln0 = specinterface void @_ssdm_op_SpecInterface, i16 %output_r, void @empty_6, i32 0, i32 0, void @empty_7, i32 0, i32 0, void @empty_2, void @empty_8, void @empty_7, i32 0, i32 0, i32 0, i32 0, void @empty_7, void @empty_7, i32 4294967295, i32 0"   --->   Operation 82 'specinterface' 'specinterface_ln0' <Predicate = true> <Delay = 0.00>
ST_18 : Operation 83 [1/1] (0.00ns)   --->   "%specinterface_ln0 = specinterface void @_ssdm_op_SpecInterface, i16 %output_r, void @empty_1, i32 0, i32 0, void @empty_7, i32 1, i32 0, void @empty_7, void @empty_7, void @empty_7, i32 0, i32 0, i32 0, i32 0, void @empty_7, void @empty_7, i32 4294967295, i32 0"   --->   Operation 83 'specinterface' 'specinterface_ln0' <Predicate = true> <Delay = 0.00>
ST_18 : Operation 84 [1/1] (0.00ns)   --->   "%specmemcore_ln0 = specmemcore void @_ssdm_op_SpecMemCore, i16 %output_r, i64 666, i64 207, i64 1"   --->   Operation 84 'specmemcore' 'specmemcore_ln0' <Predicate = true> <Delay = 0.00>
ST_18 : Operation 85 [1/1] (0.00ns)   --->   "%specbitsmap_ln0 = specbitsmap void @_ssdm_op_SpecBitsMap, i16 %output_r"   --->   Operation 85 'specbitsmap' 'specbitsmap_ln0' <Predicate = true> <Delay = 0.00>
ST_18 : Operation 86 [1/1] (0.00ns)   --->   "%specinterface_ln0 = specinterface void @_ssdm_op_SpecInterface, i32 0, void @empty_6, i32 0, i32 0, void @empty_7, i32 0, i32 0, void @empty_3, void @empty_7, void @empty_7, i32 0, i32 0, i32 0, i32 0, void @empty_7, void @empty_7, i32 4294967295, i32 0"   --->   Operation 86 'specinterface' 'specinterface_ln0' <Predicate = true> <Delay = 0.00>
ST_18 : Operation 87 [1/2] (0.00ns)   --->   "%call_ln0 = call void @neural_network_Pipeline_VITIS_LOOP_28_3, i16 %output_r, i16 %sum_1_loc_load"   --->   Operation 87 'call' 'call_ln0' <Predicate = true> <Delay = 0.00> <CoreType = "Generic">   --->   Core 0 '' <Latency = 0> <II = 1> <Delay = 1.00> <Generic> <Opcode : >
ST_18 : Operation 88 [1/1] (0.00ns)   --->   "%ret_ln63 = ret" [nn.cpp:63]   --->   Operation 88 'ret' 'ret_ln63' <Predicate = true> <Delay = 0.00>


============================================================
+ Verbose Summary: Binding
============================================================
STG Binding: 
---------------- STG Properties BEGIN ----------------
- Is combinational: 0
- Is one-state seq: 0
- Is datapath-only: 0
- Is pipelined: 0
- Is top level: 1
Port [ Return ] is wired: 1; IO mode=ap_ctrl_hs:ce=0
Port [ input_r]:  wired=1; compound=1; hidden=0; nouse=0; global=0; static=0; extern=0; dir=0; type=1; pingpong=0; private_global=0; MemPort=[1]; IO mode=ap_memory:ce=0
Port [ output_r]:  wired=1; compound=1; hidden=0; nouse=0; global=0; static=0; extern=0; dir=2; type=1; pingpong=0; private_global=0; MemPort=[2]; IO mode=ap_memory:ce=0
Port [ layer1_weights_0]:  wired=0; compound=1; hidden=1; nouse=1; global=1; static=1; extern=0; dir=0; type=1; pingpong=0; private_global=0; MemPort=[1]; IO mode=ap_memory:ce=0
Port [ layer1_weights_1]:  wired=0; compound=1; hidden=1; nouse=1; global=1; static=1; extern=0; dir=0; type=1; pingpong=0; private_global=0; MemPort=[1]; IO mode=ap_memory:ce=0
Port [ layer1_weights_2]:  wired=0; compound=1; hidden=1; nouse=1; global=1; static=1; extern=0; dir=0; type=1; pingpong=0; private_global=0; MemPort=[1]; IO mode=ap_memory:ce=0
Port [ layer1_weights_3]:  wired=0; compound=1; hidden=1; nouse=1; global=1; static=1; extern=0; dir=0; type=1; pingpong=0; private_global=0; MemPort=[1]; IO mode=ap_memory:ce=0
Port [ layer1_bias]:  wired=0; compound=1; hidden=1; nouse=1; global=1; static=1; extern=0; dir=0; type=1; pingpong=0; private_global=0; MemPort=[1]; IO mode=ap_memory:ce=0
Port [ f_x_lsb_table]:  wired=0; compound=1; hidden=1; nouse=1; global=1; static=1; extern=0; dir=0; type=1; pingpong=0; private_global=0; MemPort=[1]; IO mode=ap_memory:ce=0
Port [ exp_x_msb_2_m_1_table]:  wired=0; compound=1; hidden=1; nouse=1; global=1; static=1; extern=0; dir=0; type=1; pingpong=0; private_global=0; MemPort=[1]; IO mode=ap_memory:ce=0
Port [ exp_x_msb_1_table]:  wired=0; compound=1; hidden=1; nouse=1; global=1; static=1; extern=0; dir=0; type=1; pingpong=0; private_global=0; MemPort=[1]; IO mode=ap_memory:ce=0
---------------- STG Properties END ------------------

---------------- Datapath Model BEGIN ----------------

<LifeTime>
<method=bitvector/>
sum_1_loc                   (alloca       ) [ 0011111111111111110]
max_val_1_loc               (alloca       ) [ 0011111111111111000]
max_val_loc                 (alloca       ) [ 0011111111111100000]
layer2_output_0_01_loc      (alloca       ) [ 0011111111111111000]
layer2_output_1_02_loc      (alloca       ) [ 0011111111111100000]
layer2_output_2_03_loc      (alloca       ) [ 0011111111111100000]
layer1_output               (alloca       ) [ 0011111111100000000]
input_r_addr                (getelementptr) [ 0010000000000000000]
input_r_load                (load         ) [ 0001111000000000000]
input_r_addr_1              (getelementptr) [ 0001000000000000000]
input_r_load_1              (load         ) [ 0000111000000000000]
input_r_addr_2              (getelementptr) [ 0000100000000000000]
input_r_load_2              (load         ) [ 0000011000000000000]
input_r_addr_3              (getelementptr) [ 0000010000000000000]
input_r_load_3              (load         ) [ 0000001000000000000]
call_ln45                   (call         ) [ 0000000000000000000]
layer1_output_addr          (getelementptr) [ 0000000010000000000]
layer1_output_addr_1        (getelementptr) [ 0000000010000000000]
layer1_output_load          (load         ) [ 0000000001111000000]
layer1_output_load_1        (load         ) [ 0000000001111000000]
layer1_output_addr_2        (getelementptr) [ 0000000001000000000]
layer1_output_addr_3        (getelementptr) [ 0000000001000000000]
layer1_output_load_2        (load         ) [ 0000000000111000000]
layer1_output_load_3        (load         ) [ 0000000000111000000]
layer1_output_addr_4        (getelementptr) [ 0000000000100000000]
layer1_output_addr_5        (getelementptr) [ 0000000000100000000]
layer1_output_load_4        (load         ) [ 0000000000011000000]
layer1_output_load_5        (load         ) [ 0000000000011000000]
layer1_output_addr_6        (getelementptr) [ 0000000000010000000]
layer1_output_addr_7        (getelementptr) [ 0000000000010000000]
layer1_output_load_6        (load         ) [ 0000000000001000000]
layer1_output_load_7        (load         ) [ 0000000000001000000]
call_ln55                   (call         ) [ 0000000000000000000]
layer2_output_2_03_loc_load (load         ) [ 0000000000000011100]
layer2_output_1_02_loc_load (load         ) [ 0000000000000011100]
max_val_loc_load            (load         ) [ 0000000000000010000]
call_ln0                    (call         ) [ 0000000000000000000]
layer2_output_0_01_loc_load (load         ) [ 0000000000000000100]
max_val_1_loc_load          (load         ) [ 0000000000000000100]
call_ln0                    (call         ) [ 0000000000000000000]
sum_1_loc_load              (load         ) [ 0000000000000000001]
spectopmodule_ln33          (spectopmodule) [ 0000000000000000000]
specinterface_ln0           (specinterface) [ 0000000000000000000]
specinterface_ln0           (specinterface) [ 0000000000000000000]
specmemcore_ln0             (specmemcore  ) [ 0000000000000000000]
specbitsmap_ln0             (specbitsmap  ) [ 0000000000000000000]
specinterface_ln0           (specinterface) [ 0000000000000000000]
specinterface_ln0           (specinterface) [ 0000000000000000000]
specmemcore_ln0             (specmemcore  ) [ 0000000000000000000]
specbitsmap_ln0             (specbitsmap  ) [ 0000000000000000000]
specinterface_ln0           (specinterface) [ 0000000000000000000]
call_ln0                    (call         ) [ 0000000000000000000]
ret_ln63                    (ret          ) [ 0000000000000000000]
</LifeTime>

<model>

<comp_list>
<comp id="0" class="1000" name="input_r">
<pin_list>
<pin id="1" dir="1" index="0" bw="1" slack="0"/>
</pin_list>
<bind>
<StgValue><ssdm name="input_r"/><MemPortTyVec>1 </MemPortTyVec>
</StgValue>
</bind>
</comp>

<comp id="2" class="1000" name="output_r">
<pin_list>
<pin id="3" dir="1" index="0" bw="1" slack="0"/>
</pin_list>
<bind>
<StgValue><ssdm name="output_r"/><MemPortTyVec>2 </MemPortTyVec>
</StgValue>
</bind>
</comp>

<comp id="4" class="1000" name="layer1_weights_0">
<pin_list>
<pin id="5" dir="1" index="0" bw="1" slack="0"/>
</pin_list>
<bind>
<StgValue><ssdm name="layer1_weights_0"/><MemPortTyVec>1 </MemPortTyVec>
</StgValue>
</bind>
</comp>

<comp id="6" class="1000" name="layer1_weights_1">
<pin_list>
<pin id="7" dir="1" index="0" bw="1" slack="0"/>
</pin_list>
<bind>
<StgValue><ssdm name="layer1_weights_1"/><MemPortTyVec>1 </MemPortTyVec>
</StgValue>
</bind>
</comp>

<comp id="8" class="1000" name="layer1_weights_2">
<pin_list>
<pin id="9" dir="1" index="0" bw="1" slack="0"/>
</pin_list>
<bind>
<StgValue><ssdm name="layer1_weights_2"/><MemPortTyVec>1 </MemPortTyVec>
</StgValue>
</bind>
</comp>

<comp id="10" class="1000" name="layer1_weights_3">
<pin_list>
<pin id="11" dir="1" index="0" bw="1" slack="0"/>
</pin_list>
<bind>
<StgValue><ssdm name="layer1_weights_3"/><MemPortTyVec>1 </MemPortTyVec>
</StgValue>
</bind>
</comp>

<comp id="12" class="1000" name="layer1_bias">
<pin_list>
<pin id="13" dir="1" index="0" bw="1" slack="0"/>
</pin_list>
<bind>
<StgValue><ssdm name="layer1_bias"/><MemPortTyVec>1 </MemPortTyVec>
</StgValue>
</bind>
</comp>

<comp id="14" class="1000" name="f_x_lsb_table">
<pin_list>
<pin id="15" dir="1" index="0" bw="1" slack="0"/>
</pin_list>
<bind>
<StgValue><ssdm name="f_x_lsb_table"/><MemPortTyVec>1 </MemPortTyVec>
</StgValue>
</bind>
</comp>

<comp id="16" class="1000" name="exp_x_msb_2_m_1_table">
<pin_list>
<pin id="17" dir="1" index="0" bw="1" slack="0"/>
</pin_list>
<bind>
<StgValue><ssdm name="exp_x_msb_2_m_1_table"/><MemPortTyVec>1 </MemPortTyVec>
</StgValue>
</bind>
</comp>

<comp id="18" class="1000" name="exp_x_msb_1_table">
<pin_list>
<pin id="19" dir="1" index="0" bw="1" slack="0"/>
</pin_list>
<bind>
<StgValue><ssdm name="exp_x_msb_1_table"/><MemPortTyVec>1 </MemPortTyVec>
</StgValue>
</bind>
</comp>

<comp id="20" class="1001" name="const_20">
<pin_list>
<pin id="21" dir="1" index="0" bw="1" slack="0"/>
</pin_list>
<bind>
<StgValue><ssdm name=""/></StgValue>
</bind>
</comp>

<comp id="22" class="1001" name="const_22">
<pin_list>
<pin id="23" dir="1" index="0" bw="1" slack="0"/>
</pin_list>
<bind>
<StgValue><ssdm name=""/></StgValue>
</bind>
</comp>

<comp id="24" class="1001" name="const_24">
<pin_list>
<pin id="25" dir="1" index="0" bw="1" slack="0"/>
</pin_list>
<bind>
<StgValue><ssdm name=""/></StgValue>
</bind>
</comp>

<comp id="26" class="1001" name="const_26">
<pin_list>
<pin id="27" dir="1" index="0" bw="1" slack="0"/>
</pin_list>
<bind>
<StgValue><ssdm name=""/></StgValue>
</bind>
</comp>

<comp id="28" class="1001" name="const_28">
<pin_list>
<pin id="29" dir="1" index="0" bw="1" slack="0"/>
</pin_list>
<bind>
<StgValue><ssdm name="neural_network_Pipeline_VITIS_LOOP_42_1"/></StgValue>
</bind>
</comp>

<comp id="30" class="1001" name="const_30">
<pin_list>
<pin id="31" dir="1" index="0" bw="1" slack="0"/>
</pin_list>
<bind>
<StgValue><ssdm name=""/></StgValue>
</bind>
</comp>

<comp id="32" class="1001" name="const_32">
<pin_list>
<pin id="33" dir="1" index="0" bw="1" slack="0"/>
</pin_list>
<bind>
<StgValue><ssdm name=""/></StgValue>
</bind>
</comp>

<comp id="34" class="1001" name="const_34">
<pin_list>
<pin id="35" dir="1" index="0" bw="1" slack="0"/>
</pin_list>
<bind>
<StgValue><ssdm name=""/></StgValue>
</bind>
</comp>

<comp id="36" class="1001" name="const_36">
<pin_list>
<pin id="37" dir="1" index="0" bw="1" slack="0"/>
</pin_list>
<bind>
<StgValue><ssdm name=""/></StgValue>
</bind>
</comp>

<comp id="38" class="1001" name="const_38">
<pin_list>
<pin id="39" dir="1" index="0" bw="1" slack="0"/>
</pin_list>
<bind>
<StgValue><ssdm name="neural_network_Pipeline_VITIS_LOOP_52_3"/></StgValue>
</bind>
</comp>

<comp id="40" class="1001" name="const_40">
<pin_list>
<pin id="41" dir="1" index="0" bw="1" slack="0"/>
</pin_list>
<bind>
<StgValue><ssdm name="neural_network_Pipeline_VITIS_LOOP_19_1"/></StgValue>
</bind>
</comp>

<comp id="42" class="1001" name="const_42">
<pin_list>
<pin id="43" dir="1" index="0" bw="1" slack="0"/>
</pin_list>
<bind>
<StgValue><ssdm name="neural_network_Pipeline_VITIS_LOOP_23_2"/></StgValue>
</bind>
</comp>

<comp id="44" class="1001" name="const_44">
<pin_list>
<pin id="45" dir="1" index="0" bw="1" slack="0"/>
</pin_list>
<bind>
<StgValue><ssdm name="neural_network_Pipeline_VITIS_LOOP_28_3"/></StgValue>
</bind>
</comp>

<comp id="46" class="1001" name="const_46">
<pin_list>
<pin id="47" dir="1" index="0" bw="1" slack="2147483647"/>
</pin_list>
<bind>
<StgValue><ssdm name="_ssdm_op_SpecTopModule"/></StgValue>
</bind>
</comp>

<comp id="48" class="1001" name="const_48">
<pin_list>
<pin id="49" dir="1" index="0" bw="1" slack="2147483647"/>
</pin_list>
<bind>
<StgValue><ssdm name="empty_0"/></StgValue>
</bind>
</comp>

<comp id="50" class="1001" name="const_50">
<pin_list>
<pin id="51" dir="1" index="0" bw="1" slack="2147483647"/>
</pin_list>
<bind>
<StgValue><ssdm name="_ssdm_op_SpecInterface"/></StgValue>
</bind>
</comp>

<comp id="52" class="1001" name="const_52">
<pin_list>
<pin id="53" dir="1" index="0" bw="1" slack="2147483647"/>
</pin_list>
<bind>
<StgValue><ssdm name="empty_6"/></StgValue>
</bind>
</comp>

<comp id="54" class="1001" name="const_54">
<pin_list>
<pin id="55" dir="1" index="0" bw="1" slack="2147483647"/>
</pin_list>
<bind>
<StgValue><ssdm name=""/></StgValue>
</bind>
</comp>

<comp id="56" class="1001" name="const_56">
<pin_list>
<pin id="57" dir="1" index="0" bw="1" slack="2147483647"/>
</pin_list>
<bind>
<StgValue><ssdm name="empty_7"/></StgValue>
</bind>
</comp>

<comp id="58" class="1001" name="const_58">
<pin_list>
<pin id="59" dir="1" index="0" bw="1" slack="2147483647"/>
</pin_list>
<bind>
<StgValue><ssdm name="empty_5"/></StgValue>
</bind>
</comp>

<comp id="60" class="1001" name="const_60">
<pin_list>
<pin id="61" dir="1" index="0" bw="1" slack="2147483647"/>
</pin_list>
<bind>
<StgValue><ssdm name="empty_8"/></StgValue>
</bind>
</comp>

<comp id="62" class="1001" name="const_62">
<pin_list>
<pin id="63" dir="1" index="0" bw="1" slack="2147483647"/>
</pin_list>
<bind>
<StgValue><ssdm name=""/></StgValue>
</bind>
</comp>

<comp id="64" class="1001" name="const_64">
<pin_list>
<pin id="65" dir="1" index="0" bw="1" slack="2147483647"/>
</pin_list>
<bind>
<StgValue><ssdm name="empty_1"/></StgValue>
</bind>
</comp>

<comp id="66" class="1001" name="const_66">
<pin_list>
<pin id="67" dir="1" index="0" bw="1" slack="2147483647"/>
</pin_list>
<bind>
<StgValue><ssdm name=""/></StgValue>
</bind>
</comp>

<comp id="68" class="1001" name="const_68">
<pin_list>
<pin id="69" dir="1" index="0" bw="1" slack="2147483647"/>
</pin_list>
<bind>
<StgValue><ssdm name="_ssdm_op_SpecMemCore"/></StgValue>
</bind>
</comp>

<comp id="70" class="1001" name="const_70">
<pin_list>
<pin id="71" dir="1" index="0" bw="1" slack="2147483647"/>
</pin_list>
<bind>
<StgValue><ssdm name=""/></StgValue>
</bind>
</comp>

<comp id="72" class="1001" name="const_72">
<pin_list>
<pin id="73" dir="1" index="0" bw="1" slack="2147483647"/>
</pin_list>
<bind>
<StgValue><ssdm name=""/></StgValue>
</bind>
</comp>

<comp id="74" class="1001" name="const_74">
<pin_list>
<pin id="75" dir="1" index="0" bw="1" slack="2147483647"/>
</pin_list>
<bind>
<StgValue><ssdm name="_ssdm_op_SpecBitsMap"/></StgValue>
</bind>
</comp>

<comp id="76" class="1001" name="const_76">
<pin_list>
<pin id="77" dir="1" index="0" bw="1" slack="2147483647"/>
</pin_list>
<bind>
<StgValue><ssdm name="empty_2"/></StgValue>
</bind>
</comp>

<comp id="78" class="1001" name="const_78">
<pin_list>
<pin id="79" dir="1" index="0" bw="1" slack="2147483647"/>
</pin_list>
<bind>
<StgValue><ssdm name="empty_3"/></StgValue>
</bind>
</comp>

<comp id="80" class="1004" name="sum_1_loc_fu_80">
<pin_list>
<pin id="81" dir="0" index="0" bw="1" slack="0"/>
<pin id="82" dir="1" index="1" bw="16" slack="14"/>
</pin_list>
<bind>
<opcode="alloca(26) " fcode="alloca"/>
<opset="sum_1_loc/1 "/>
</bind>
</comp>

<comp id="84" class="1004" name="max_val_1_loc_fu_84">
<pin_list>
<pin id="85" dir="0" index="0" bw="1" slack="0"/>
<pin id="86" dir="1" index="1" bw="16" slack="12"/>
</pin_list>
<bind>
<opcode="alloca(26) " fcode="alloca"/>
<opset="max_val_1_loc/1 "/>
</bind>
</comp>

<comp id="88" class="1004" name="max_val_loc_fu_88">
<pin_list>
<pin id="89" dir="0" index="0" bw="1" slack="0"/>
<pin id="90" dir="1" index="1" bw="16" slack="10"/>
</pin_list>
<bind>
<opcode="alloca(26) " fcode="alloca"/>
<opset="max_val_loc/1 "/>
</bind>
</comp>

<comp id="92" class="1004" name="layer2_output_0_01_loc_fu_92">
<pin_list>
<pin id="93" dir="0" index="0" bw="1" slack="0"/>
<pin id="94" dir="1" index="1" bw="16" slack="10"/>
</pin_list>
<bind>
<opcode="alloca(26) " fcode="alloca"/>
<opset="layer2_output_0_01_loc/1 "/>
</bind>
</comp>

<comp id="96" class="1004" name="layer2_output_1_02_loc_fu_96">
<pin_list>
<pin id="97" dir="0" index="0" bw="1" slack="0"/>
<pin id="98" dir="1" index="1" bw="16" slack="10"/>
</pin_list>
<bind>
<opcode="alloca(26) " fcode="alloca"/>
<opset="layer2_output_1_02_loc/1 "/>
</bind>
</comp>

<comp id="100" class="1004" name="layer2_output_2_03_loc_fu_100">
<pin_list>
<pin id="101" dir="0" index="0" bw="1" slack="0"/>
<pin id="102" dir="1" index="1" bw="16" slack="10"/>
</pin_list>
<bind>
<opcode="alloca(26) " fcode="alloca"/>
<opset="layer2_output_2_03_loc/1 "/>
</bind>
</comp>

<comp id="104" class="1004" name="layer1_output_alloca_fu_104">
<pin_list>
<pin id="105" dir="0" index="0" bw="1" slack="0"/>
<pin id="106" dir="1" index="1" bw="15" slack="2147483647"/>
</pin_list>
<bind>
<opcode="alloca(26) " fcode="alloca"/>
<opset="layer1_output/1 "/>
</bind>
</comp>

<comp id="108" class="1004" name="input_r_addr_gep_fu_108">
<pin_list>
<pin id="109" dir="0" index="0" bw="16" slack="0"/>
<pin id="110" dir="0" index="1" bw="1" slack="0"/>
<pin id="111" dir="0" index="2" bw="1" slack="0"/>
<pin id="112" dir="1" index="3" bw="2" slack="0"/>
</pin_list>
<bind>
<opcode="getelementptr(29) " fcode="getelementptr"/>
<opset="input_r_addr/1 "/>
</bind>
</comp>

<comp id="116" class="1004" name="grp_access_fu_116">
<pin_list>
<pin id="117" dir="0" index="0" bw="2" slack="0"/>
<pin id="118" dir="0" index="1" bw="16" slack="2147483647"/>
<pin id="119" dir="0" index="2" bw="0" slack="2147483647"/>
<pin id="120" dir="1" index="3" bw="16" slack="0"/>
</pin_list>
<bind>
<opcode="load(27) " fcode="load"/>
<opset="input_r_load/1 input_r_load_1/2 input_r_load_2/3 input_r_load_3/4 "/>
</bind>
</comp>

<comp id="122" class="1004" name="input_r_addr_1_gep_fu_122">
<pin_list>
<pin id="123" dir="0" index="0" bw="16" slack="0"/>
<pin id="124" dir="0" index="1" bw="1" slack="0"/>
<pin id="125" dir="0" index="2" bw="1" slack="0"/>
<pin id="126" dir="1" index="3" bw="2" slack="0"/>
</pin_list>
<bind>
<opcode="getelementptr(29) " fcode="getelementptr"/>
<opset="input_r_addr_1/2 "/>
</bind>
</comp>

<comp id="131" class="1004" name="input_r_addr_2_gep_fu_131">
<pin_list>
<pin id="132" dir="0" index="0" bw="16" slack="0"/>
<pin id="133" dir="0" index="1" bw="1" slack="0"/>
<pin id="134" dir="0" index="2" bw="3" slack="0"/>
<pin id="135" dir="1" index="3" bw="2" slack="0"/>
</pin_list>
<bind>
<opcode="getelementptr(29) " fcode="getelementptr"/>
<opset="input_r_addr_2/3 "/>
</bind>
</comp>

<comp id="140" class="1004" name="input_r_addr_3_gep_fu_140">
<pin_list>
<pin id="141" dir="0" index="0" bw="16" slack="0"/>
<pin id="142" dir="0" index="1" bw="1" slack="0"/>
<pin id="143" dir="0" index="2" bw="3" slack="0"/>
<pin id="144" dir="1" index="3" bw="2" slack="0"/>
</pin_list>
<bind>
<opcode="getelementptr(29) " fcode="getelementptr"/>
<opset="input_r_addr_3/4 "/>
</bind>
</comp>

<comp id="149" class="1004" name="layer1_output_addr_gep_fu_149">
<pin_list>
<pin id="150" dir="0" index="0" bw="15" slack="2147483647"/>
<pin id="151" dir="0" index="1" bw="1" slack="0"/>
<pin id="152" dir="0" index="2" bw="1" slack="0"/>
<pin id="153" dir="1" index="3" bw="3" slack="0"/>
</pin_list>
<bind>
<opcode="getelementptr(29) " fcode="getelementptr"/>
<opset="layer1_output_addr/7 "/>
</bind>
</comp>

<comp id="156" class="1004" name="grp_access_fu_156">
<pin_list>
<pin id="157" dir="0" index="0" bw="3" slack="0"/>
<pin id="158" dir="0" index="1" bw="15" slack="2147483647"/>
<pin id="159" dir="0" index="2" bw="0" slack="0"/>
<pin id="161" dir="0" index="4" bw="3" slack="2147483647"/>
<pin id="162" dir="0" index="5" bw="15" slack="2147483647"/>
<pin id="163" dir="0" index="6" bw="0" slack="2147483647"/>
<pin id="160" dir="1" index="3" bw="15" slack="0"/>
<pin id="164" dir="1" index="7" bw="15" slack="0"/>
</pin_list>
<bind>
<opcode="load(27) " fcode="load"/>
<opset="layer1_output_load/7 layer1_output_load_1/7 layer1_output_load_2/8 layer1_output_load_3/8 layer1_output_load_4/9 layer1_output_load_5/9 layer1_output_load_6/10 layer1_output_load_7/10 "/>
</bind>
</comp>

<comp id="166" class="1004" name="layer1_output_addr_1_gep_fu_166">
<pin_list>
<pin id="167" dir="0" index="0" bw="15" slack="2147483647"/>
<pin id="168" dir="0" index="1" bw="1" slack="0"/>
<pin id="169" dir="0" index="2" bw="1" slack="0"/>
<pin id="170" dir="1" index="3" bw="3" slack="0"/>
</pin_list>
<bind>
<opcode="getelementptr(29) " fcode="getelementptr"/>
<opset="layer1_output_addr_1/7 "/>
</bind>
</comp>

<comp id="174" class="1004" name="layer1_output_addr_2_gep_fu_174">
<pin_list>
<pin id="175" dir="0" index="0" bw="15" slack="2147483647"/>
<pin id="176" dir="0" index="1" bw="1" slack="0"/>
<pin id="177" dir="0" index="2" bw="3" slack="0"/>
<pin id="178" dir="1" index="3" bw="3" slack="0"/>
</pin_list>
<bind>
<opcode="getelementptr(29) " fcode="getelementptr"/>
<opset="layer1_output_addr_2/8 "/>
</bind>
</comp>

<comp id="182" class="1004" name="layer1_output_addr_3_gep_fu_182">
<pin_list>
<pin id="183" dir="0" index="0" bw="15" slack="2147483647"/>
<pin id="184" dir="0" index="1" bw="1" slack="0"/>
<pin id="185" dir="0" index="2" bw="3" slack="0"/>
<pin id="186" dir="1" index="3" bw="3" slack="0"/>
</pin_list>
<bind>
<opcode="getelementptr(29) " fcode="getelementptr"/>
<opset="layer1_output_addr_3/8 "/>
</bind>
</comp>

<comp id="190" class="1004" name="layer1_output_addr_4_gep_fu_190">
<pin_list>
<pin id="191" dir="0" index="0" bw="15" slack="2147483647"/>
<pin id="192" dir="0" index="1" bw="1" slack="0"/>
<pin id="193" dir="0" index="2" bw="4" slack="0"/>
<pin id="194" dir="1" index="3" bw="3" slack="0"/>
</pin_list>
<bind>
<opcode="getelementptr(29) " fcode="getelementptr"/>
<opset="layer1_output_addr_4/9 "/>
</bind>
</comp>

<comp id="198" class="1004" name="layer1_output_addr_5_gep_fu_198">
<pin_list>
<pin id="199" dir="0" index="0" bw="15" slack="2147483647"/>
<pin id="200" dir="0" index="1" bw="1" slack="0"/>
<pin id="201" dir="0" index="2" bw="4" slack="0"/>
<pin id="202" dir="1" index="3" bw="3" slack="0"/>
</pin_list>
<bind>
<opcode="getelementptr(29) " fcode="getelementptr"/>
<opset="layer1_output_addr_5/9 "/>
</bind>
</comp>

<comp id="206" class="1004" name="layer1_output_addr_6_gep_fu_206">
<pin_list>
<pin id="207" dir="0" index="0" bw="15" slack="2147483647"/>
<pin id="208" dir="0" index="1" bw="1" slack="0"/>
<pin id="209" dir="0" index="2" bw="4" slack="0"/>
<pin id="210" dir="1" index="3" bw="3" slack="0"/>
</pin_list>
<bind>
<opcode="getelementptr(29) " fcode="getelementptr"/>
<opset="layer1_output_addr_6/10 "/>
</bind>
</comp>

<comp id="214" class="1004" name="layer1_output_addr_7_gep_fu_214">
<pin_list>
<pin id="215" dir="0" index="0" bw="15" slack="2147483647"/>
<pin id="216" dir="0" index="1" bw="1" slack="0"/>
<pin id="217" dir="0" index="2" bw="4" slack="0"/>
<pin id="218" dir="1" index="3" bw="3" slack="0"/>
</pin_list>
<bind>
<opcode="getelementptr(29) " fcode="getelementptr"/>
<opset="layer1_output_addr_7/10 "/>
</bind>
</comp>

<comp id="222" class="1004" name="grp_neural_network_Pipeline_VITIS_LOOP_42_1_fu_222">
<pin_list>
<pin id="223" dir="0" index="0" bw="0" slack="0"/>
<pin id="224" dir="0" index="1" bw="16" slack="3"/>
<pin id="225" dir="0" index="2" bw="16" slack="2"/>
<pin id="226" dir="0" index="3" bw="16" slack="1"/>
<pin id="227" dir="0" index="4" bw="16" slack="0"/>
<pin id="228" dir="0" index="5" bw="15" slack="2147483647"/>
<pin id="229" dir="0" index="6" bw="9" slack="0"/>
<pin id="230" dir="0" index="7" bw="9" slack="0"/>
<pin id="231" dir="0" index="8" bw="9" slack="0"/>
<pin id="232" dir="0" index="9" bw="9" slack="0"/>
<pin id="233" dir="0" index="10" bw="7" slack="0"/>
<pin id="234" dir="1" index="11" bw="0" slack="2147483647"/>
</pin_list>
<bind>
<opcode="call(48) " fcode="call"/>
<opset="call_ln45/5 "/>
</bind>
</comp>

<comp id="242" class="1004" name="grp_neural_network_Pipeline_VITIS_LOOP_52_3_fu_242">
<pin_list>
<pin id="243" dir="0" index="0" bw="0" slack="0"/>
<pin id="244" dir="0" index="1" bw="15" slack="3"/>
<pin id="245" dir="0" index="2" bw="15" slack="3"/>
<pin id="246" dir="0" index="3" bw="15" slack="2"/>
<pin id="247" dir="0" index="4" bw="15" slack="2"/>
<pin id="248" dir="0" index="5" bw="15" slack="1"/>
<pin id="249" dir="0" index="6" bw="15" slack="1"/>
<pin id="250" dir="0" index="7" bw="15" slack="0"/>
<pin id="251" dir="0" index="8" bw="15" slack="0"/>
<pin id="252" dir="0" index="9" bw="16" slack="10"/>
<pin id="253" dir="0" index="10" bw="16" slack="10"/>
<pin id="254" dir="0" index="11" bw="16" slack="10"/>
<pin id="255" dir="0" index="12" bw="16" slack="10"/>
<pin id="256" dir="1" index="13" bw="0" slack="2147483647"/>
</pin_list>
<bind>
<opcode="call(48) " fcode="call"/>
<opset="call_ln55/11 "/>
</bind>
</comp>

<comp id="260" class="1004" name="grp_neural_network_Pipeline_VITIS_LOOP_19_1_fu_260">
<pin_list>
<pin id="261" dir="0" index="0" bw="0" slack="0"/>
<pin id="262" dir="0" index="1" bw="16" slack="0"/>
<pin id="263" dir="0" index="2" bw="16" slack="0"/>
<pin id="264" dir="0" index="3" bw="16" slack="0"/>
<pin id="265" dir="0" index="4" bw="16" slack="12"/>
<pin id="266" dir="1" index="5" bw="0" slack="2147483647"/>
</pin_list>
<bind>
<opcode="call(48) " fcode="call"/>
<opset="call_ln0/13 "/>
</bind>
</comp>

<comp id="268" class="1004" name="grp_neural_network_Pipeline_VITIS_LOOP_23_2_fu_268">
<pin_list>
<pin id="269" dir="0" index="0" bw="0" slack="0"/>
<pin id="270" dir="0" index="1" bw="16" slack="0"/>
<pin id="271" dir="0" index="2" bw="16" slack="2147483647"/>
<pin id="272" dir="0" index="3" bw="16" slack="2147483647"/>
<pin id="273" dir="0" index="4" bw="16" slack="0"/>
<pin id="274" dir="0" index="5" bw="16" slack="0"/>
<pin id="275" dir="0" index="6" bw="16" slack="14"/>
<pin id="276" dir="0" index="7" bw="11" slack="0"/>
<pin id="277" dir="0" index="8" bw="25" slack="0"/>
<pin id="278" dir="0" index="9" bw="25" slack="0"/>
<pin id="279" dir="1" index="10" bw="0" slack="2147483647"/>
</pin_list>
<bind>
<opcode="call(48) " fcode="call"/>
<opset="call_ln0/15 "/>
</bind>
</comp>

<comp id="285" class="1004" name="grp_neural_network_Pipeline_VITIS_LOOP_28_3_fu_285">
<pin_list>
<pin id="286" dir="0" index="0" bw="0" slack="0"/>
<pin id="287" dir="0" index="1" bw="16" slack="0"/>
<pin id="288" dir="0" index="2" bw="16" slack="0"/>
<pin id="289" dir="1" index="3" bw="0" slack="2147483647"/>
</pin_list>
<bind>
<opcode="call(48) " fcode="call"/>
<opset="call_ln0/17 "/>
</bind>
</comp>

<comp id="292" class="1004" name="layer2_output_2_03_loc_load_load_fu_292">
<pin_list>
<pin id="293" dir="0" index="0" bw="16" slack="12"/>
<pin id="294" dir="1" index="1" bw="16" slack="0"/>
</pin_list>
<bind>
<opcode="load(27) " fcode="load"/>
<opset="layer2_output_2_03_loc_load/13 "/>
</bind>
</comp>

<comp id="296" class="1004" name="layer2_output_1_02_loc_load_load_fu_296">
<pin_list>
<pin id="297" dir="0" index="0" bw="16" slack="12"/>
<pin id="298" dir="1" index="1" bw="16" slack="0"/>
</pin_list>
<bind>
<opcode="load(27) " fcode="load"/>
<opset="layer2_output_1_02_loc_load/13 "/>
</bind>
</comp>

<comp id="300" class="1004" name="max_val_loc_load_load_fu_300">
<pin_list>
<pin id="301" dir="0" index="0" bw="16" slack="12"/>
<pin id="302" dir="1" index="1" bw="16" slack="0"/>
</pin_list>
<bind>
<opcode="load(27) " fcode="load"/>
<opset="max_val_loc_load/13 "/>
</bind>
</comp>

<comp id="304" class="1004" name="layer2_output_0_01_loc_load_load_fu_304">
<pin_list>
<pin id="305" dir="0" index="0" bw="16" slack="14"/>
<pin id="306" dir="1" index="1" bw="16" slack="0"/>
</pin_list>
<bind>
<opcode="load(27) " fcode="load"/>
<opset="layer2_output_0_01_loc_load/15 "/>
</bind>
</comp>

<comp id="308" class="1004" name="max_val_1_loc_load_load_fu_308">
<pin_list>
<pin id="309" dir="0" index="0" bw="16" slack="14"/>
<pin id="310" dir="1" index="1" bw="16" slack="0"/>
</pin_list>
<bind>
<opcode="load(27) " fcode="load"/>
<opset="max_val_1_loc_load/15 "/>
</bind>
</comp>

<comp id="312" class="1004" name="sum_1_loc_load_load_fu_312">
<pin_list>
<pin id="313" dir="0" index="0" bw="16" slack="16"/>
<pin id="314" dir="1" index="1" bw="16" slack="0"/>
</pin_list>
<bind>
<opcode="load(27) " fcode="load"/>
<opset="sum_1_loc_load/17 "/>
</bind>
</comp>

<comp id="316" class="1005" name="sum_1_loc_reg_316">
<pin_list>
<pin id="317" dir="0" index="0" bw="16" slack="14"/>
<pin id="318" dir="1" index="1" bw="16" slack="14"/>
</pin_list>
<bind>
<opset="sum_1_loc "/>
</bind>
</comp>

<comp id="322" class="1005" name="max_val_1_loc_reg_322">
<pin_list>
<pin id="323" dir="0" index="0" bw="16" slack="12"/>
<pin id="324" dir="1" index="1" bw="16" slack="12"/>
</pin_list>
<bind>
<opset="max_val_1_loc "/>
</bind>
</comp>

<comp id="328" class="1005" name="max_val_loc_reg_328">
<pin_list>
<pin id="329" dir="0" index="0" bw="16" slack="10"/>
<pin id="330" dir="1" index="1" bw="16" slack="10"/>
</pin_list>
<bind>
<opset="max_val_loc "/>
</bind>
</comp>

<comp id="334" class="1005" name="layer2_output_0_01_loc_reg_334">
<pin_list>
<pin id="335" dir="0" index="0" bw="16" slack="10"/>
<pin id="336" dir="1" index="1" bw="16" slack="10"/>
</pin_list>
<bind>
<opset="layer2_output_0_01_loc "/>
</bind>
</comp>

<comp id="340" class="1005" name="layer2_output_1_02_loc_reg_340">
<pin_list>
<pin id="341" dir="0" index="0" bw="16" slack="10"/>
<pin id="342" dir="1" index="1" bw="16" slack="10"/>
</pin_list>
<bind>
<opset="layer2_output_1_02_loc "/>
</bind>
</comp>

<comp id="346" class="1005" name="layer2_output_2_03_loc_reg_346">
<pin_list>
<pin id="347" dir="0" index="0" bw="16" slack="10"/>
<pin id="348" dir="1" index="1" bw="16" slack="10"/>
</pin_list>
<bind>
<opset="layer2_output_2_03_loc "/>
</bind>
</comp>

<comp id="352" class="1005" name="input_r_addr_reg_352">
<pin_list>
<pin id="353" dir="0" index="0" bw="2" slack="1"/>
<pin id="354" dir="1" index="1" bw="2" slack="1"/>
</pin_list>
<bind>
<opset="input_r_addr "/>
</bind>
</comp>

<comp id="357" class="1005" name="input_r_load_reg_357">
<pin_list>
<pin id="358" dir="0" index="0" bw="16" slack="3"/>
<pin id="359" dir="1" index="1" bw="16" slack="3"/>
</pin_list>
<bind>
<opset="input_r_load "/>
</bind>
</comp>

<comp id="362" class="1005" name="input_r_addr_1_reg_362">
<pin_list>
<pin id="363" dir="0" index="0" bw="2" slack="1"/>
<pin id="364" dir="1" index="1" bw="2" slack="1"/>
</pin_list>
<bind>
<opset="input_r_addr_1 "/>
</bind>
</comp>

<comp id="367" class="1005" name="input_r_load_1_reg_367">
<pin_list>
<pin id="368" dir="0" index="0" bw="16" slack="2"/>
<pin id="369" dir="1" index="1" bw="16" slack="2"/>
</pin_list>
<bind>
<opset="input_r_load_1 "/>
</bind>
</comp>

<comp id="372" class="1005" name="input_r_addr_2_reg_372">
<pin_list>
<pin id="373" dir="0" index="0" bw="2" slack="1"/>
<pin id="374" dir="1" index="1" bw="2" slack="1"/>
</pin_list>
<bind>
<opset="input_r_addr_2 "/>
</bind>
</comp>

<comp id="377" class="1005" name="input_r_load_2_reg_377">
<pin_list>
<pin id="378" dir="0" index="0" bw="16" slack="1"/>
<pin id="379" dir="1" index="1" bw="16" slack="1"/>
</pin_list>
<bind>
<opset="input_r_load_2 "/>
</bind>
</comp>

<comp id="382" class="1005" name="input_r_addr_3_reg_382">
<pin_list>
<pin id="383" dir="0" index="0" bw="2" slack="1"/>
<pin id="384" dir="1" index="1" bw="2" slack="1"/>
</pin_list>
<bind>
<opset="input_r_addr_3 "/>
</bind>
</comp>

<comp id="387" class="1005" name="input_r_load_3_reg_387">
<pin_list>
<pin id="388" dir="0" index="0" bw="16" slack="1"/>
<pin id="389" dir="1" index="1" bw="16" slack="1"/>
</pin_list>
<bind>
<opset="input_r_load_3 "/>
</bind>
</comp>

<comp id="392" class="1005" name="layer1_output_addr_reg_392">
<pin_list>
<pin id="393" dir="0" index="0" bw="3" slack="1"/>
<pin id="394" dir="1" index="1" bw="3" slack="1"/>
</pin_list>
<bind>
<opset="layer1_output_addr "/>
</bind>
</comp>

<comp id="397" class="1005" name="layer1_output_addr_1_reg_397">
<pin_list>
<pin id="398" dir="0" index="0" bw="3" slack="1"/>
<pin id="399" dir="1" index="1" bw="3" slack="1"/>
</pin_list>
<bind>
<opset="layer1_output_addr_1 "/>
</bind>
</comp>

<comp id="402" class="1005" name="layer1_output_load_reg_402">
<pin_list>
<pin id="403" dir="0" index="0" bw="15" slack="3"/>
<pin id="404" dir="1" index="1" bw="15" slack="3"/>
</pin_list>
<bind>
<opset="layer1_output_load "/>
</bind>
</comp>

<comp id="407" class="1005" name="layer1_output_load_1_reg_407">
<pin_list>
<pin id="408" dir="0" index="0" bw="15" slack="3"/>
<pin id="409" dir="1" index="1" bw="15" slack="3"/>
</pin_list>
<bind>
<opset="layer1_output_load_1 "/>
</bind>
</comp>

<comp id="412" class="1005" name="layer1_output_addr_2_reg_412">
<pin_list>
<pin id="413" dir="0" index="0" bw="3" slack="1"/>
<pin id="414" dir="1" index="1" bw="3" slack="1"/>
</pin_list>
<bind>
<opset="layer1_output_addr_2 "/>
</bind>
</comp>

<comp id="417" class="1005" name="layer1_output_addr_3_reg_417">
<pin_list>
<pin id="418" dir="0" index="0" bw="3" slack="1"/>
<pin id="419" dir="1" index="1" bw="3" slack="1"/>
</pin_list>
<bind>
<opset="layer1_output_addr_3 "/>
</bind>
</comp>

<comp id="422" class="1005" name="layer1_output_load_2_reg_422">
<pin_list>
<pin id="423" dir="0" index="0" bw="15" slack="2"/>
<pin id="424" dir="1" index="1" bw="15" slack="2"/>
</pin_list>
<bind>
<opset="layer1_output_load_2 "/>
</bind>
</comp>

<comp id="427" class="1005" name="layer1_output_load_3_reg_427">
<pin_list>
<pin id="428" dir="0" index="0" bw="15" slack="2"/>
<pin id="429" dir="1" index="1" bw="15" slack="2"/>
</pin_list>
<bind>
<opset="layer1_output_load_3 "/>
</bind>
</comp>

<comp id="432" class="1005" name="layer1_output_addr_4_reg_432">
<pin_list>
<pin id="433" dir="0" index="0" bw="3" slack="1"/>
<pin id="434" dir="1" index="1" bw="3" slack="1"/>
</pin_list>
<bind>
<opset="layer1_output_addr_4 "/>
</bind>
</comp>

<comp id="437" class="1005" name="layer1_output_addr_5_reg_437">
<pin_list>
<pin id="438" dir="0" index="0" bw="3" slack="1"/>
<pin id="439" dir="1" index="1" bw="3" slack="1"/>
</pin_list>
<bind>
<opset="layer1_output_addr_5 "/>
</bind>
</comp>

<comp id="442" class="1005" name="layer1_output_load_4_reg_442">
<pin_list>
<pin id="443" dir="0" index="0" bw="15" slack="1"/>
<pin id="444" dir="1" index="1" bw="15" slack="1"/>
</pin_list>
<bind>
<opset="layer1_output_load_4 "/>
</bind>
</comp>

<comp id="447" class="1005" name="layer1_output_load_5_reg_447">
<pin_list>
<pin id="448" dir="0" index="0" bw="15" slack="1"/>
<pin id="449" dir="1" index="1" bw="15" slack="1"/>
</pin_list>
<bind>
<opset="layer1_output_load_5 "/>
</bind>
</comp>

<comp id="452" class="1005" name="layer1_output_addr_6_reg_452">
<pin_list>
<pin id="453" dir="0" index="0" bw="3" slack="1"/>
<pin id="454" dir="1" index="1" bw="3" slack="1"/>
</pin_list>
<bind>
<opset="layer1_output_addr_6 "/>
</bind>
</comp>

<comp id="457" class="1005" name="layer1_output_addr_7_reg_457">
<pin_list>
<pin id="458" dir="0" index="0" bw="3" slack="1"/>
<pin id="459" dir="1" index="1" bw="3" slack="1"/>
</pin_list>
<bind>
<opset="layer1_output_addr_7 "/>
</bind>
</comp>

<comp id="462" class="1005" name="layer1_output_load_6_reg_462">
<pin_list>
<pin id="463" dir="0" index="0" bw="15" slack="1"/>
<pin id="464" dir="1" index="1" bw="15" slack="1"/>
</pin_list>
<bind>
<opset="layer1_output_load_6 "/>
</bind>
</comp>

<comp id="467" class="1005" name="layer1_output_load_7_reg_467">
<pin_list>
<pin id="468" dir="0" index="0" bw="15" slack="1"/>
<pin id="469" dir="1" index="1" bw="15" slack="1"/>
</pin_list>
<bind>
<opset="layer1_output_load_7 "/>
</bind>
</comp>

</comp_list>

<net_list>
<net id="83"><net_src comp="20" pin="0"/><net_sink comp="80" pin=0"/></net>

<net id="87"><net_src comp="20" pin="0"/><net_sink comp="84" pin=0"/></net>

<net id="91"><net_src comp="20" pin="0"/><net_sink comp="88" pin=0"/></net>

<net id="95"><net_src comp="20" pin="0"/><net_sink comp="92" pin=0"/></net>

<net id="99"><net_src comp="20" pin="0"/><net_sink comp="96" pin=0"/></net>

<net id="103"><net_src comp="20" pin="0"/><net_sink comp="100" pin=0"/></net>

<net id="107"><net_src comp="20" pin="0"/><net_sink comp="104" pin=0"/></net>

<net id="113"><net_src comp="0" pin="0"/><net_sink comp="108" pin=0"/></net>

<net id="114"><net_src comp="22" pin="0"/><net_sink comp="108" pin=1"/></net>

<net id="115"><net_src comp="22" pin="0"/><net_sink comp="108" pin=2"/></net>

<net id="121"><net_src comp="108" pin="3"/><net_sink comp="116" pin=0"/></net>

<net id="127"><net_src comp="0" pin="0"/><net_sink comp="122" pin=0"/></net>

<net id="128"><net_src comp="22" pin="0"/><net_sink comp="122" pin=1"/></net>

<net id="129"><net_src comp="20" pin="0"/><net_sink comp="122" pin=2"/></net>

<net id="130"><net_src comp="122" pin="3"/><net_sink comp="116" pin=0"/></net>

<net id="136"><net_src comp="0" pin="0"/><net_sink comp="131" pin=0"/></net>

<net id="137"><net_src comp="22" pin="0"/><net_sink comp="131" pin=1"/></net>

<net id="138"><net_src comp="24" pin="0"/><net_sink comp="131" pin=2"/></net>

<net id="139"><net_src comp="131" pin="3"/><net_sink comp="116" pin=0"/></net>

<net id="145"><net_src comp="0" pin="0"/><net_sink comp="140" pin=0"/></net>

<net id="146"><net_src comp="22" pin="0"/><net_sink comp="140" pin=1"/></net>

<net id="147"><net_src comp="26" pin="0"/><net_sink comp="140" pin=2"/></net>

<net id="148"><net_src comp="140" pin="3"/><net_sink comp="116" pin=0"/></net>

<net id="154"><net_src comp="22" pin="0"/><net_sink comp="149" pin=1"/></net>

<net id="155"><net_src comp="22" pin="0"/><net_sink comp="149" pin=2"/></net>

<net id="165"><net_src comp="149" pin="3"/><net_sink comp="156" pin=2"/></net>

<net id="171"><net_src comp="22" pin="0"/><net_sink comp="166" pin=1"/></net>

<net id="172"><net_src comp="20" pin="0"/><net_sink comp="166" pin=2"/></net>

<net id="173"><net_src comp="166" pin="3"/><net_sink comp="156" pin=0"/></net>

<net id="179"><net_src comp="22" pin="0"/><net_sink comp="174" pin=1"/></net>

<net id="180"><net_src comp="24" pin="0"/><net_sink comp="174" pin=2"/></net>

<net id="181"><net_src comp="174" pin="3"/><net_sink comp="156" pin=2"/></net>

<net id="187"><net_src comp="22" pin="0"/><net_sink comp="182" pin=1"/></net>

<net id="188"><net_src comp="26" pin="0"/><net_sink comp="182" pin=2"/></net>

<net id="189"><net_src comp="182" pin="3"/><net_sink comp="156" pin=0"/></net>

<net id="195"><net_src comp="22" pin="0"/><net_sink comp="190" pin=1"/></net>

<net id="196"><net_src comp="30" pin="0"/><net_sink comp="190" pin=2"/></net>

<net id="197"><net_src comp="190" pin="3"/><net_sink comp="156" pin=2"/></net>

<net id="203"><net_src comp="22" pin="0"/><net_sink comp="198" pin=1"/></net>

<net id="204"><net_src comp="32" pin="0"/><net_sink comp="198" pin=2"/></net>

<net id="205"><net_src comp="198" pin="3"/><net_sink comp="156" pin=0"/></net>

<net id="211"><net_src comp="22" pin="0"/><net_sink comp="206" pin=1"/></net>

<net id="212"><net_src comp="34" pin="0"/><net_sink comp="206" pin=2"/></net>

<net id="213"><net_src comp="206" pin="3"/><net_sink comp="156" pin=2"/></net>

<net id="219"><net_src comp="22" pin="0"/><net_sink comp="214" pin=1"/></net>

<net id="220"><net_src comp="36" pin="0"/><net_sink comp="214" pin=2"/></net>

<net id="221"><net_src comp="214" pin="3"/><net_sink comp="156" pin=0"/></net>

<net id="235"><net_src comp="28" pin="0"/><net_sink comp="222" pin=0"/></net>

<net id="236"><net_src comp="116" pin="3"/><net_sink comp="222" pin=4"/></net>

<net id="237"><net_src comp="4" pin="0"/><net_sink comp="222" pin=6"/></net>

<net id="238"><net_src comp="6" pin="0"/><net_sink comp="222" pin=7"/></net>

<net id="239"><net_src comp="8" pin="0"/><net_sink comp="222" pin=8"/></net>

<net id="240"><net_src comp="10" pin="0"/><net_sink comp="222" pin=9"/></net>

<net id="241"><net_src comp="12" pin="0"/><net_sink comp="222" pin=10"/></net>

<net id="257"><net_src comp="38" pin="0"/><net_sink comp="242" pin=0"/></net>

<net id="258"><net_src comp="156" pin="7"/><net_sink comp="242" pin=7"/></net>

<net id="259"><net_src comp="156" pin="3"/><net_sink comp="242" pin=8"/></net>

<net id="267"><net_src comp="40" pin="0"/><net_sink comp="260" pin=0"/></net>

<net id="280"><net_src comp="42" pin="0"/><net_sink comp="268" pin=0"/></net>

<net id="281"><net_src comp="2" pin="0"/><net_sink comp="268" pin=5"/></net>

<net id="282"><net_src comp="14" pin="0"/><net_sink comp="268" pin=7"/></net>

<net id="283"><net_src comp="16" pin="0"/><net_sink comp="268" pin=8"/></net>

<net id="284"><net_src comp="18" pin="0"/><net_sink comp="268" pin=9"/></net>

<net id="290"><net_src comp="44" pin="0"/><net_sink comp="285" pin=0"/></net>

<net id="291"><net_src comp="2" pin="0"/><net_sink comp="285" pin=1"/></net>

<net id="295"><net_src comp="292" pin="1"/><net_sink comp="260" pin=3"/></net>

<net id="299"><net_src comp="296" pin="1"/><net_sink comp="260" pin=2"/></net>

<net id="303"><net_src comp="300" pin="1"/><net_sink comp="260" pin=1"/></net>

<net id="307"><net_src comp="304" pin="1"/><net_sink comp="268" pin=1"/></net>

<net id="311"><net_src comp="308" pin="1"/><net_sink comp="268" pin=4"/></net>

<net id="315"><net_src comp="312" pin="1"/><net_sink comp="285" pin=2"/></net>

<net id="319"><net_src comp="80" pin="1"/><net_sink comp="316" pin=0"/></net>

<net id="320"><net_src comp="316" pin="1"/><net_sink comp="268" pin=6"/></net>

<net id="321"><net_src comp="316" pin="1"/><net_sink comp="312" pin=0"/></net>

<net id="325"><net_src comp="84" pin="1"/><net_sink comp="322" pin=0"/></net>

<net id="326"><net_src comp="322" pin="1"/><net_sink comp="260" pin=4"/></net>

<net id="327"><net_src comp="322" pin="1"/><net_sink comp="308" pin=0"/></net>

<net id="331"><net_src comp="88" pin="1"/><net_sink comp="328" pin=0"/></net>

<net id="332"><net_src comp="328" pin="1"/><net_sink comp="242" pin=12"/></net>

<net id="333"><net_src comp="328" pin="1"/><net_sink comp="300" pin=0"/></net>

<net id="337"><net_src comp="92" pin="1"/><net_sink comp="334" pin=0"/></net>

<net id="338"><net_src comp="334" pin="1"/><net_sink comp="242" pin=11"/></net>

<net id="339"><net_src comp="334" pin="1"/><net_sink comp="304" pin=0"/></net>

<net id="343"><net_src comp="96" pin="1"/><net_sink comp="340" pin=0"/></net>

<net id="344"><net_src comp="340" pin="1"/><net_sink comp="242" pin=10"/></net>

<net id="345"><net_src comp="340" pin="1"/><net_sink comp="296" pin=0"/></net>

<net id="349"><net_src comp="100" pin="1"/><net_sink comp="346" pin=0"/></net>

<net id="350"><net_src comp="346" pin="1"/><net_sink comp="242" pin=9"/></net>

<net id="351"><net_src comp="346" pin="1"/><net_sink comp="292" pin=0"/></net>

<net id="355"><net_src comp="108" pin="3"/><net_sink comp="352" pin=0"/></net>

<net id="356"><net_src comp="352" pin="1"/><net_sink comp="116" pin=0"/></net>

<net id="360"><net_src comp="116" pin="3"/><net_sink comp="357" pin=0"/></net>

<net id="361"><net_src comp="357" pin="1"/><net_sink comp="222" pin=1"/></net>

<net id="365"><net_src comp="122" pin="3"/><net_sink comp="362" pin=0"/></net>

<net id="366"><net_src comp="362" pin="1"/><net_sink comp="116" pin=0"/></net>

<net id="370"><net_src comp="116" pin="3"/><net_sink comp="367" pin=0"/></net>

<net id="371"><net_src comp="367" pin="1"/><net_sink comp="222" pin=2"/></net>

<net id="375"><net_src comp="131" pin="3"/><net_sink comp="372" pin=0"/></net>

<net id="376"><net_src comp="372" pin="1"/><net_sink comp="116" pin=0"/></net>

<net id="380"><net_src comp="116" pin="3"/><net_sink comp="377" pin=0"/></net>

<net id="381"><net_src comp="377" pin="1"/><net_sink comp="222" pin=3"/></net>

<net id="385"><net_src comp="140" pin="3"/><net_sink comp="382" pin=0"/></net>

<net id="386"><net_src comp="382" pin="1"/><net_sink comp="116" pin=0"/></net>

<net id="390"><net_src comp="116" pin="3"/><net_sink comp="387" pin=0"/></net>

<net id="391"><net_src comp="387" pin="1"/><net_sink comp="222" pin=4"/></net>

<net id="395"><net_src comp="149" pin="3"/><net_sink comp="392" pin=0"/></net>

<net id="396"><net_src comp="392" pin="1"/><net_sink comp="156" pin=2"/></net>

<net id="400"><net_src comp="166" pin="3"/><net_sink comp="397" pin=0"/></net>

<net id="401"><net_src comp="397" pin="1"/><net_sink comp="156" pin=0"/></net>

<net id="405"><net_src comp="156" pin="7"/><net_sink comp="402" pin=0"/></net>

<net id="406"><net_src comp="402" pin="1"/><net_sink comp="242" pin=1"/></net>

<net id="410"><net_src comp="156" pin="3"/><net_sink comp="407" pin=0"/></net>

<net id="411"><net_src comp="407" pin="1"/><net_sink comp="242" pin=2"/></net>

<net id="415"><net_src comp="174" pin="3"/><net_sink comp="412" pin=0"/></net>

<net id="416"><net_src comp="412" pin="1"/><net_sink comp="156" pin=2"/></net>

<net id="420"><net_src comp="182" pin="3"/><net_sink comp="417" pin=0"/></net>

<net id="421"><net_src comp="417" pin="1"/><net_sink comp="156" pin=0"/></net>

<net id="425"><net_src comp="156" pin="7"/><net_sink comp="422" pin=0"/></net>

<net id="426"><net_src comp="422" pin="1"/><net_sink comp="242" pin=3"/></net>

<net id="430"><net_src comp="156" pin="3"/><net_sink comp="427" pin=0"/></net>

<net id="431"><net_src comp="427" pin="1"/><net_sink comp="242" pin=4"/></net>

<net id="435"><net_src comp="190" pin="3"/><net_sink comp="432" pin=0"/></net>

<net id="436"><net_src comp="432" pin="1"/><net_sink comp="156" pin=2"/></net>

<net id="440"><net_src comp="198" pin="3"/><net_sink comp="437" pin=0"/></net>

<net id="441"><net_src comp="437" pin="1"/><net_sink comp="156" pin=0"/></net>

<net id="445"><net_src comp="156" pin="7"/><net_sink comp="442" pin=0"/></net>

<net id="446"><net_src comp="442" pin="1"/><net_sink comp="242" pin=5"/></net>

<net id="450"><net_src comp="156" pin="3"/><net_sink comp="447" pin=0"/></net>

<net id="451"><net_src comp="447" pin="1"/><net_sink comp="242" pin=6"/></net>

<net id="455"><net_src comp="206" pin="3"/><net_sink comp="452" pin=0"/></net>

<net id="456"><net_src comp="452" pin="1"/><net_sink comp="156" pin=2"/></net>

<net id="460"><net_src comp="214" pin="3"/><net_sink comp="457" pin=0"/></net>

<net id="461"><net_src comp="457" pin="1"/><net_sink comp="156" pin=0"/></net>

<net id="465"><net_src comp="156" pin="7"/><net_sink comp="462" pin=0"/></net>

<net id="466"><net_src comp="462" pin="1"/><net_sink comp="242" pin=7"/></net>

<net id="470"><net_src comp="156" pin="3"/><net_sink comp="467" pin=0"/></net>

<net id="471"><net_src comp="467" pin="1"/><net_sink comp="242" pin=8"/></net>

</net_list>

</model> 
---------------- Datapath Model END ------------------

* FSMD analyzer results:
  - Output states:
	Port: output_r | {15 16 17 18 }
 - Input state : 
	Port: neural_network : input_r | {1 2 3 4 5 }
	Port: neural_network : output_r | {17 18 }
	Port: neural_network : layer1_weights_0 | {5 6 }
	Port: neural_network : layer1_weights_1 | {5 6 }
	Port: neural_network : layer1_weights_2 | {5 6 }
	Port: neural_network : layer1_weights_3 | {5 6 }
	Port: neural_network : layer1_bias | {5 6 }
	Port: neural_network : f_x_lsb_table | {15 16 }
	Port: neural_network : exp_x_msb_2_m_1_table | {15 16 }
	Port: neural_network : exp_x_msb_1_table | {15 16 }
  - Chain level:
	State 1
		input_r_load : 1
	State 2
		input_r_load_1 : 1
	State 3
		input_r_load_2 : 1
	State 4
		input_r_load_3 : 1
	State 5
		call_ln45 : 1
	State 6
	State 7
		layer1_output_load : 1
		layer1_output_load_1 : 1
	State 8
		layer1_output_load_2 : 1
		layer1_output_load_3 : 1
	State 9
		layer1_output_load_4 : 1
		layer1_output_load_5 : 1
	State 10
		layer1_output_load_6 : 1
		layer1_output_load_7 : 1
	State 11
		call_ln55 : 1
	State 12
	State 13
		call_ln0 : 1
	State 14
	State 15
		call_ln0 : 1
	State 16
	State 17
		call_ln0 : 1
	State 18


============================================================
+ Verbose Summary: Datapath Resource usage 
============================================================

* Functional unit list:
|----------|----------------------------------------------------|---------|---------|---------|---------|
| Operation|                   Functional Unit                  |   DSP   |  Delay  |    FF   |   LUT   |
|----------|----------------------------------------------------|---------|---------|---------|---------|
|          | grp_neural_network_Pipeline_VITIS_LOOP_42_1_fu_222 |    4    | 12.9773 |   365   |   199   |
|          | grp_neural_network_Pipeline_VITIS_LOOP_52_3_fu_242 |    8    |  13.107 |   613   |   266   |
|   call   | grp_neural_network_Pipeline_VITIS_LOOP_19_1_fu_260 |    0    |    0    |    51   |    85   |
|          | grp_neural_network_Pipeline_VITIS_LOOP_23_2_fu_268 |    3    |   4.83  |   255   |   399   |
|          | grp_neural_network_Pipeline_VITIS_LOOP_28_3_fu_285 |    0    |   3.22  |   1480  |   1105  |
|----------|----------------------------------------------------|---------|---------|---------|---------|
|   Total  |                                                    |    15   | 34.1343 |   2764  |   2054  |
|----------|----------------------------------------------------|---------|---------|---------|---------|

Memories:
+---------------------+--------+--------+--------+--------+
|                     |  BRAM  |   FF   |   LUT  |  URAM  |
+---------------------+--------+--------+--------+--------+
|  exp_x_msb_1_table  |    0   |   25   |   13   |    -   |
|exp_x_msb_2_m_1_table|    0   |   25   |   13   |    -   |
|    f_x_lsb_table    |    0   |   11   |    6   |    -   |
|     layer1_bias     |    0   |    7   |    1   |    -   |
|    layer1_output    |    0   |   30   |    2   |    0   |
|   layer1_weights_0  |    0   |    9   |    2   |    -   |
|   layer1_weights_1  |    0   |    9   |    2   |    -   |
|   layer1_weights_2  |    0   |    9   |    2   |    -   |
|   layer1_weights_3  |    0   |    9   |    2   |    -   |
+---------------------+--------+--------+--------+--------+
|        Total        |    0   |   134  |   43   |    0   |
+---------------------+--------+--------+--------+--------+

* Register list:
+------------------------------+--------+
|                              |   FF   |
+------------------------------+--------+
|    input_r_addr_1_reg_362    |    2   |
|    input_r_addr_2_reg_372    |    2   |
|    input_r_addr_3_reg_382    |    2   |
|     input_r_addr_reg_352     |    2   |
|    input_r_load_1_reg_367    |   16   |
|    input_r_load_2_reg_377    |   16   |
|    input_r_load_3_reg_387    |   16   |
|     input_r_load_reg_357     |   16   |
| layer1_output_addr_1_reg_397 |    3   |
| layer1_output_addr_2_reg_412 |    3   |
| layer1_output_addr_3_reg_417 |    3   |
| layer1_output_addr_4_reg_432 |    3   |
| layer1_output_addr_5_reg_437 |    3   |
| layer1_output_addr_6_reg_452 |    3   |
| layer1_output_addr_7_reg_457 |    3   |
|  layer1_output_addr_reg_392  |    3   |
| layer1_output_load_1_reg_407 |   15   |
| layer1_output_load_2_reg_422 |   15   |
| layer1_output_load_3_reg_427 |   15   |
| layer1_output_load_4_reg_442 |   15   |
| layer1_output_load_5_reg_447 |   15   |
| layer1_output_load_6_reg_462 |   15   |
| layer1_output_load_7_reg_467 |   15   |
|  layer1_output_load_reg_402  |   15   |
|layer2_output_0_01_loc_reg_334|   16   |
|layer2_output_1_02_loc_reg_340|   16   |
|layer2_output_2_03_loc_reg_346|   16   |
|     max_val_1_loc_reg_322    |   16   |
|      max_val_loc_reg_328     |   16   |
|       sum_1_loc_reg_316      |   16   |
+------------------------------+--------+
|             Total            |   312  |
+------------------------------+--------+

* Multiplexer (MUX) list: 
|----------------------------------------------------|------|------|------|--------||---------||---------|
|                        Comp                        |  Pin | Size |  BW  | S x BW ||  Delay  ||   LUT   |
|----------------------------------------------------|------|------|------|--------||---------||---------|
|                  grp_access_fu_116                 |  p0  |   8  |   2  |   16   ||    33   |
|                  grp_access_fu_156                 |  p0  |   8  |   3  |   24   ||    33   |
|                  grp_access_fu_156                 |  p2  |   8  |   0  |    0   ||    33   |
| grp_neural_network_Pipeline_VITIS_LOOP_42_1_fu_222 |  p4  |   2  |  16  |   32   ||    9    |
| grp_neural_network_Pipeline_VITIS_LOOP_52_3_fu_242 |  p7  |   2  |  15  |   30   ||    9    |
| grp_neural_network_Pipeline_VITIS_LOOP_52_3_fu_242 |  p8  |   2  |  15  |   30   ||    9    |
|----------------------------------------------------|------|------|------|--------||---------||---------|
|                        Total                       |      |      |      |   132  || 10.2437 ||   126   |
|----------------------------------------------------|------|------|------|--------||---------||---------|



* Summary:
+-----------+--------+--------+--------+--------+--------+--------+
|           |  BRAM  |   DSP  |  Delay |   FF   |   LUT  |  URAM  |
+-----------+--------+--------+--------+--------+--------+--------+
|  Function |    -   |   15   |   34   |  2764  |  2054  |    -   |
|   Memory  |    0   |    -   |    -   |   134  |   43   |    0   |
|Multiplexer|    -   |    -   |   10   |    -   |   126  |    -   |
|  Register |    -   |    -   |    -   |   312  |    -   |    -   |
+-----------+--------+--------+--------+--------+--------+--------+
|   Total   |    0   |   15   |   44   |  3210  |  2223  |    0   |
+-----------+--------+--------+--------+--------+--------+--------+
